
state 0
	$accept: .program $end 
	opt_statement_list: .    (3)
	opt_scope: .    (26)

	$end  reduce 3 (src line 50)
	NUMBER  shift 33
	IDENT  shift 34
	STRING  shift 35
	kINCLUDE  shift 18
	kOPTIONS  shift 36
	kIF  shift 7
	kLOOP  shift 8
	kWHILE  shift 9
	kFOR  shift 10
	kRETURN  shift 13
	kBREAK  shift 11
	kCONTINUE  shift 12
	kINCBIN  shift 31
	kSWITCH  shift 14
	kUSE  shift 17
	kPUBLIC  shift 19
	kPRIVATE  shift 20
	ARROW  shift 32
	'&'  shift 29
	'<'  shift 24
	'+'  shift 27
	'-'  shift 26
	'*'  shift 28
	'('  shift 23
	'['  shift 30
	';'  shift 22
	'{'  shift 37
	'!'  shift 25
	.  reduce 26 (src line 78)

	program  goto 1
	opt_statement_list  goto 2
	statement_list  goto 3
	statement_i  goto 4
	statement  goto 5
	opt_scope  goto 6
	block  goto 21
	exp  goto 15
	options  goto 16

state 1
	$accept:  program.$end 

	$end  accept
	.  error


state 2
	program:  opt_statement_list.    (1)

	.  reduce 1 (src line 44)


state 3
	opt_statement_list:  statement_list.    (2)
	statement_list:  statement_list.statement_i 
	opt_scope: .    (26)

	$end  reduce 2 (src line 49)
	NUMBER  shift 33
	IDENT  shift 34
	STRING  shift 35
	kINCLUDE  shift 18
	kOPTIONS  shift 36
	kIF  shift 7
	kLOOP  shift 8
	kWHILE  shift 9
	kFOR  shift 10
	kRETURN  shift 13
	kBREAK  shift 11
	kCONTINUE  shift 12
	kINCBIN  shift 31
	kSWITCH  shift 14
	kUSE  shift 17
	kPUBLIC  shift 19
	kPRIVATE  shift 20
	ARROW  shift 32
	'&'  shift 29
	'<'  shift 24
	'+'  shift 27
	'-'  shift 26
	'*'  shift 28
	'('  shift 23
	'['  shift 30
	';'  shift 22
	'{'  shift 37
	'}'  reduce 2 (src line 49)
	'!'  shift 25
	.  reduce 26 (src line 78)

	statement_i  goto 38
	statement  goto 5
	opt_scope  goto 6
	block  goto 21
	exp  goto 15
	options  goto 16

state 4
	statement_list:  statement_i.    (5)

	.  reduce 5 (src line 53)


state 5
	statement_i:  statement.    (6)

	.  reduce 6 (src line 55)


state 6
	statement:  opt_scope.kVAR var_decl_list ';' 
	statement:  opt_scope.kCONST var_decl_list ';' 
	statement:  opt_scope.kFUNCTION IDENT '(' opt_var_decl_list ')' ':' type_decl opt_options function_block 

	kFUNCTION  shift 41
	kCONST  shift 40
	kVAR  shift 39
	.  error


state 7
	statement:  kIF.'(' exp ')' statement else_block 

	'('  shift 42
	.  error


state 8
	statement:  kLOOP.'(' ')' statement 

	'('  shift 43
	.  error


state 9
	statement:  kWHILE.'(' exp ')' statement 

	'('  shift 44
	.  error


state 10
	statement:  kFOR.'(' IDENT ',' exp ',' exp ')' block 

	'('  shift 45
	.  error


state 11
	statement:  kBREAK.';' 

	';'  shift 46
	.  error


state 12
	statement:  kCONTINUE.';' 

	';'  shift 47
	.  error


state 13
	statement:  kRETURN.opt_exp ';' 
	opt_exp: .    (50)

	NUMBER  shift 33
	IDENT  shift 34
	STRING  shift 35
	kINCBIN  shift 31
	ARROW  shift 32
	'&'  shift 29
	'<'  shift 24
	'+'  shift 27
	'-'  shift 26
	'*'  shift 28
	'('  shift 23
	'['  shift 30
	'!'  shift 25
	.  reduce 50 (src line 116)

	opt_exp  goto 48
	exp  goto 49

state 14
	statement:  kSWITCH.'(' exp ')' '{' switch_block opt_default_block '}' 

	'('  shift 50
	.  error


state 15
	statement:  exp.';' 
	exp:  exp.'.' exp 
	exp:  exp.'=' exp 
	exp:  exp.'+' exp 
	exp:  exp.'-' exp 
	exp:  exp.'*' exp 
	exp:  exp.'/' exp 
	exp:  exp.'%' exp 
	exp:  exp.'&' exp 
	exp:  exp.'|' exp 
	exp:  exp.'^' exp 
	exp:  exp.ANDAND exp 
	exp:  exp.OROR exp 
	exp:  exp.ADDEQ exp 
	exp:  exp.SUBEQ exp 
	exp:  exp.EQEQ exp 
	exp:  exp.NEQ exp 
	exp:  exp.'<' exp 
	exp:  exp.'>' exp 
	exp:  exp.LEQ exp 
	exp:  exp.GEQ exp 
	exp:  exp.LSHIFT exp 
	exp:  exp.RSHIFT exp 
	exp:  exp.'(' exp_list ')' opt_block 
	exp:  exp.'[' exp ']' 

	LEQ  shift 70
	GEQ  shift 71
	EQEQ  shift 66
	ADDEQ  shift 64
	SUBEQ  shift 65
	NEQ  shift 67
	LSHIFT  shift 72
	RSHIFT  shift 73
	ANDAND  shift 62
	OROR  shift 63
	'='  shift 53
	'|'  shift 60
	'^'  shift 61
	'&'  shift 59
	'<'  shift 68
	'>'  shift 69
	'+'  shift 54
	'-'  shift 55
	'*'  shift 56
	'/'  shift 57
	'%'  shift 58
	'.'  shift 52
	'('  shift 74
	'['  shift 75
	';'  shift 51
	.  error


state 16
	statement:  options.';' 

	';'  shift 76
	.  error


state 17
	statement:  kUSE.opt_from IDENT opt_as ';' 
	opt_from: .    (28)

	tID  shift 80
	'*'  shift 79
	.  reduce 28 (src line 81)

	opt_from  goto 77
	id_list  goto 78

state 18
	statement:  kINCLUDE.opt_ident '(' STRING ')' opt_options ';' 
	opt_ident: .    (35)

	IDENT  shift 82
	.  reduce 35 (src line 91)

	opt_ident  goto 81

state 19
	statement:  kPUBLIC.':' 
	opt_scope:  kPUBLIC.    (27)

	':'  shift 83
	.  reduce 27 (src line 79)


state 20
	statement:  kPRIVATE.':' 

	':'  shift 84
	.  error


state 21
	statement:  block.    (24)

	.  reduce 24 (src line 75)


state 22
	statement:  ';'.    (25)

	.  reduce 25 (src line 76)


state 23
	exp:  '('.exp ')' 

	NUMBER  shift 33
	IDENT  shift 34
	STRING  shift 35
	kINCBIN  shift 31
	ARROW  shift 32
	'&'  shift 29
	'<'  shift 24
	'+'  shift 27
	'-'  shift 26
	'*'  shift 28
	'('  shift 23
	'['  shift 30
	'!'  shift 25
	.  error

	exp  goto 85

state 24
	exp:  '<'.type_decl '>' exp 

	IDENT  shift 87
	.  error

	type_decl  goto 86

state 25
	exp:  '!'.exp 

	NUMBER  shift 33
	IDENT  shift 34
	STRING  shift 35
	kINCBIN  shift 31
	ARROW  shift 32
	'&'  shift 29
	'<'  shift 24
	'+'  shift 27
	'-'  shift 26
	'*'  shift 28
	'('  shift 23
	'['  shift 30
	'!'  shift 25
	.  error

	exp  goto 88

state 26
	exp:  '-'.exp 

	NUMBER  shift 33
	IDENT  shift 34
	STRING  shift 35
	kINCBIN  shift 31
	ARROW  shift 32
	'&'  shift 29
	'<'  shift 24
	'+'  shift 27
	'-'  shift 26
	'*'  shift 28
	'('  shift 23
	'['  shift 30
	'!'  shift 25
	.  error

	exp  goto 89

state 27
	exp:  '+'.exp 

	NUMBER  shift 33
	IDENT  shift 34
	STRING  shift 35
	kINCBIN  shift 31
	ARROW  shift 32
	'&'  shift 29
	'<'  shift 24
	'+'  shift 27
	'-'  shift 26
	'*'  shift 28
	'('  shift 23
	'['  shift 30
	'!'  shift 25
	.  error

	exp  goto 90

state 28
	exp:  '*'.exp 

	NUMBER  shift 33
	IDENT  shift 34
	STRING  shift 35
	kINCBIN  shift 31
	ARROW  shift 32
	'&'  shift 29
	'<'  shift 24
	'+'  shift 27
	'-'  shift 26
	'*'  shift 28
	'('  shift 23
	'['  shift 30
	'!'  shift 25
	.  error

	exp  goto 91

state 29
	exp:  '&'.exp 

	NUMBER  shift 33
	IDENT  shift 34
	STRING  shift 35
	kINCBIN  shift 31
	ARROW  shift 32
	'&'  shift 29
	'<'  shift 24
	'+'  shift 27
	'-'  shift 26
	'*'  shift 28
	'('  shift 23
	'['  shift 30
	'!'  shift 25
	.  error

	exp  goto 92

state 30
	exp:  '['.exp_list ']' 
	exp_list: .    (91)

	NUMBER  shift 33
	IDENT  shift 34
	STRING  shift 35
	kINCBIN  shift 31
	ARROW  shift 32
	'&'  shift 29
	'<'  shift 24
	'+'  shift 27
	'-'  shift 26
	'*'  shift 28
	'('  shift 23
	'['  shift 30
	'!'  shift 25
	.  reduce 91 (src line 159)

	exp  goto 94
	exp_list  goto 93

state 31
	exp:  kINCBIN.'(' STRING ')' 

	'('  shift 95
	.  error


state 32
	exp:  ARROW.type_decl function_block 

	IDENT  shift 87
	.  error

	type_decl  goto 96

state 33
	exp:  NUMBER.    (86)

	.  reduce 86 (src line 153)


state 34
	exp:  IDENT.    (87)

	.  reduce 87 (src line 154)


state 35
	exp:  STRING.    (88)

	.  reduce 88 (src line 155)


state 36
	options:  kOPTIONS.'(' option_list ')' 

	'('  shift 97
	.  error


state 37
	block:  '{'.opt_statement_list '}' 
	opt_statement_list: .    (3)
	opt_scope: .    (26)

	NUMBER  shift 33
	IDENT  shift 34
	STRING  shift 35
	kINCLUDE  shift 18
	kOPTIONS  shift 36
	kIF  shift 7
	kLOOP  shift 8
	kWHILE  shift 9
	kFOR  shift 10
	kRETURN  shift 13
	kBREAK  shift 11
	kCONTINUE  shift 12
	kINCBIN  shift 31
	kSWITCH  shift 14
	kUSE  shift 17
	kPUBLIC  shift 19
	kPRIVATE  shift 20
	ARROW  shift 32
	'&'  shift 29
	'<'  shift 24
	'+'  shift 27
	'-'  shift 26
	'*'  shift 28
	'('  shift 23
	'['  shift 30
	';'  shift 22
	'{'  shift 37
	'}'  reduce 3 (src line 50)
	'!'  shift 25
	.  reduce 26 (src line 78)

	opt_statement_list  goto 98
	statement_list  goto 3
	statement_i  goto 4
	statement  goto 5
	opt_scope  goto 6
	block  goto 21
	exp  goto 15
	options  goto 16

state 38
	statement_list:  statement_list statement_i.    (4)

	.  reduce 4 (src line 52)


state 39
	statement:  opt_scope kVAR.var_decl_list ';' 

	IDENT  shift 101
	.  error

	var_decl_list  goto 99
	var_decl  goto 100

state 40
	statement:  opt_scope kCONST.var_decl_list ';' 

	IDENT  shift 101
	.  error

	var_decl_list  goto 102
	var_decl  goto 100

state 41
	statement:  opt_scope kFUNCTION.IDENT '(' opt_var_decl_list ')' ':' type_decl opt_options function_block 

	IDENT  shift 103
	.  error


state 42
	statement:  kIF '('.exp ')' statement else_block 

	NUMBER  shift 33
	IDENT  shift 34
	STRING  shift 35
	kINCBIN  shift 31
	ARROW  shift 32
	'&'  shift 29
	'<'  shift 24
	'+'  shift 27
	'-'  shift 26
	'*'  shift 28
	'('  shift 23
	'['  shift 30
	'!'  shift 25
	.  error

	exp  goto 104

state 43
	statement:  kLOOP '('.')' statement 

	')'  shift 105
	.  error


state 44
	statement:  kWHILE '('.exp ')' statement 

	NUMBER  shift 33
	IDENT  shift 34
	STRING  shift 35
	kINCBIN  shift 31
	ARROW  shift 32
	'&'  shift 29
	'<'  shift 24
	'+'  shift 27
	'-'  shift 26
	'*'  shift 28
	'('  shift 23
	'['  shift 30
	'!'  shift 25
	.  error

	exp  goto 106

state 45
	statement:  kFOR '('.IDENT ',' exp ',' exp ')' block 

	IDENT  shift 107
	.  error


state 46
	statement:  kBREAK ';'.    (13)

	.  reduce 13 (src line 63)


state 47
	statement:  kCONTINUE ';'.    (14)

	.  reduce 14 (src line 64)


state 48
	statement:  kRETURN opt_exp.';' 

	';'  shift 108
	.  error


state 49
	opt_exp:  exp.    (51)
	exp:  exp.'.' exp 
	exp:  exp.'=' exp 
	exp:  exp.'+' exp 
	exp:  exp.'-' exp 
	exp:  exp.'*' exp 
	exp:  exp.'/' exp 
	exp:  exp.'%' exp 
	exp:  exp.'&' exp 
	exp:  exp.'|' exp 
	exp:  exp.'^' exp 
	exp:  exp.ANDAND exp 
	exp:  exp.OROR exp 
	exp:  exp.ADDEQ exp 
	exp:  exp.SUBEQ exp 
	exp:  exp.EQEQ exp 
	exp:  exp.NEQ exp 
	exp:  exp.'<' exp 
	exp:  exp.'>' exp 
	exp:  exp.LEQ exp 
	exp:  exp.GEQ exp 
	exp:  exp.LSHIFT exp 
	exp:  exp.RSHIFT exp 
	exp:  exp.'(' exp_list ')' opt_block 
	exp:  exp.'[' exp ']' 

	LEQ  shift 70
	GEQ  shift 71
	EQEQ  shift 66
	ADDEQ  shift 64
	SUBEQ  shift 65
	NEQ  shift 67
	LSHIFT  shift 72
	RSHIFT  shift 73
	ANDAND  shift 62
	OROR  shift 63
	'='  shift 53
	'|'  shift 60
	'^'  shift 61
	'&'  shift 59
	'<'  shift 68
	'>'  shift 69
	'+'  shift 54
	'-'  shift 55
	'*'  shift 56
	'/'  shift 57
	'%'  shift 58
	'.'  shift 52
	'('  shift 74
	'['  shift 75
	.  reduce 51 (src line 117)


state 50
	statement:  kSWITCH '('.exp ')' '{' switch_block opt_default_block '}' 

	NUMBER  shift 33
	IDENT  shift 34
	STRING  shift 35
	kINCBIN  shift 31
	ARROW  shift 32
	'&'  shift 29
	'<'  shift 24
	'+'  shift 27
	'-'  shift 26
	'*'  shift 28
	'('  shift 23
	'['  shift 30
	'!'  shift 25
	.  error

	exp  goto 109

state 51
	statement:  exp ';'.    (17)

	.  reduce 17 (src line 67)


state 52
	exp:  exp '.'.exp 

	NUMBER  shift 33
	IDENT  shift 34
	STRING  shift 35
	kINCBIN  shift 31
	ARROW  shift 32
	'&'  shift 29
	'<'  shift 24
	'+'  shift 27
	'-'  shift 26
	'*'  shift 28
	'('  shift 23
	'['  shift 30
	'!'  shift 25
	.  error

	exp  goto 110

state 53
	exp:  exp '='.exp 

	NUMBER  shift 33
	IDENT  shift 34
	STRING  shift 35
	kINCBIN  shift 31
	ARROW  shift 32
	'&'  shift 29
	'<'  shift 24
	'+'  shift 27
	'-'  shift 26
	'*'  shift 28
	'('  shift 23
	'['  shift 30
	'!'  shift 25
	.  error

	exp  goto 111

state 54
	exp:  exp '+'.exp 

	NUMBER  shift 33
	IDENT  shift 34
	STRING  shift 35
	kINCBIN  shift 31
	ARROW  shift 32
	'&'  shift 29
	'<'  shift 24
	'+'  shift 27
	'-'  shift 26
	'*'  shift 28
	'('  shift 23
	'['  shift 30
	'!'  shift 25
	.  error

	exp  goto 112

state 55
	exp:  exp '-'.exp 

	NUMBER  shift 33
	IDENT  shift 34
	STRING  shift 35
	kINCBIN  shift 31
	ARROW  shift 32
	'&'  shift 29
	'<'  shift 24
	'+'  shift 27
	'-'  shift 26
	'*'  shift 28
	'('  shift 23
	'['  shift 30
	'!'  shift 25
	.  error

	exp  goto 113

state 56
	exp:  exp '*'.exp 

	NUMBER  shift 33
	IDENT  shift 34
	STRING  shift 35
	kINCBIN  shift 31
	ARROW  shift 32
	'&'  shift 29
	'<'  shift 24
	'+'  shift 27
	'-'  shift 26
	'*'  shift 28
	'('  shift 23
	'['  shift 30
	'!'  shift 25
	.  error

	exp  goto 114

state 57
	exp:  exp '/'.exp 

	NUMBER  shift 33
	IDENT  shift 34
	STRING  shift 35
	kINCBIN  shift 31
	ARROW  shift 32
	'&'  shift 29
	'<'  shift 24
	'+'  shift 27
	'-'  shift 26
	'*'  shift 28
	'('  shift 23
	'['  shift 30
	'!'  shift 25
	.  error

	exp  goto 115

state 58
	exp:  exp '%'.exp 

	NUMBER  shift 33
	IDENT  shift 34
	STRING  shift 35
	kINCBIN  shift 31
	ARROW  shift 32
	'&'  shift 29
	'<'  shift 24
	'+'  shift 27
	'-'  shift 26
	'*'  shift 28
	'('  shift 23
	'['  shift 30
	'!'  shift 25
	.  error

	exp  goto 116

state 59
	exp:  exp '&'.exp 

	NUMBER  shift 33
	IDENT  shift 34
	STRING  shift 35
	kINCBIN  shift 31
	ARROW  shift 32
	'&'  shift 29
	'<'  shift 24
	'+'  shift 27
	'-'  shift 26
	'*'  shift 28
	'('  shift 23
	'['  shift 30
	'!'  shift 25
	.  error

	exp  goto 117

state 60
	exp:  exp '|'.exp 

	NUMBER  shift 33
	IDENT  shift 34
	STRING  shift 35
	kINCBIN  shift 31
	ARROW  shift 32
	'&'  shift 29
	'<'  shift 24
	'+'  shift 27
	'-'  shift 26
	'*'  shift 28
	'('  shift 23
	'['  shift 30
	'!'  shift 25
	.  error

	exp  goto 118

state 61
	exp:  exp '^'.exp 

	NUMBER  shift 33
	IDENT  shift 34
	STRING  shift 35
	kINCBIN  shift 31
	ARROW  shift 32
	'&'  shift 29
	'<'  shift 24
	'+'  shift 27
	'-'  shift 26
	'*'  shift 28
	'('  shift 23
	'['  shift 30
	'!'  shift 25
	.  error

	exp  goto 119

state 62
	exp:  exp ANDAND.exp 

	NUMBER  shift 33
	IDENT  shift 34
	STRING  shift 35
	kINCBIN  shift 31
	ARROW  shift 32
	'&'  shift 29
	'<'  shift 24
	'+'  shift 27
	'-'  shift 26
	'*'  shift 28
	'('  shift 23
	'['  shift 30
	'!'  shift 25
	.  error

	exp  goto 120

state 63
	exp:  exp OROR.exp 

	NUMBER  shift 33
	IDENT  shift 34
	STRING  shift 35
	kINCBIN  shift 31
	ARROW  shift 32
	'&'  shift 29
	'<'  shift 24
	'+'  shift 27
	'-'  shift 26
	'*'  shift 28
	'('  shift 23
	'['  shift 30
	'!'  shift 25
	.  error

	exp  goto 121

state 64
	exp:  exp ADDEQ.exp 

	NUMBER  shift 33
	IDENT  shift 34
	STRING  shift 35
	kINCBIN  shift 31
	ARROW  shift 32
	'&'  shift 29
	'<'  shift 24
	'+'  shift 27
	'-'  shift 26
	'*'  shift 28
	'('  shift 23
	'['  shift 30
	'!'  shift 25
	.  error

	exp  goto 122

state 65
	exp:  exp SUBEQ.exp 

	NUMBER  shift 33
	IDENT  shift 34
	STRING  shift 35
	kINCBIN  shift 31
	ARROW  shift 32
	'&'  shift 29
	'<'  shift 24
	'+'  shift 27
	'-'  shift 26
	'*'  shift 28
	'('  shift 23
	'['  shift 30
	'!'  shift 25
	.  error

	exp  goto 123

state 66
	exp:  exp EQEQ.exp 

	NUMBER  shift 33
	IDENT  shift 34
	STRING  shift 35
	kINCBIN  shift 31
	ARROW  shift 32
	'&'  shift 29
	'<'  shift 24
	'+'  shift 27
	'-'  shift 26
	'*'  shift 28
	'('  shift 23
	'['  shift 30
	'!'  shift 25
	.  error

	exp  goto 124

state 67
	exp:  exp NEQ.exp 

	NUMBER  shift 33
	IDENT  shift 34
	STRING  shift 35
	kINCBIN  shift 31
	ARROW  shift 32
	'&'  shift 29
	'<'  shift 24
	'+'  shift 27
	'-'  shift 26
	'*'  shift 28
	'('  shift 23
	'['  shift 30
	'!'  shift 25
	.  error

	exp  goto 125

state 68
	exp:  exp '<'.exp 

	NUMBER  shift 33
	IDENT  shift 34
	STRING  shift 35
	kINCBIN  shift 31
	ARROW  shift 32
	'&'  shift 29
	'<'  shift 24
	'+'  shift 27
	'-'  shift 26
	'*'  shift 28
	'('  shift 23
	'['  shift 30
	'!'  shift 25
	.  error

	exp  goto 126

state 69
	exp:  exp '>'.exp 

	NUMBER  shift 33
	IDENT  shift 34
	STRING  shift 35
	kINCBIN  shift 31
	ARROW  shift 32
	'&'  shift 29
	'<'  shift 24
	'+'  shift 27
	'-'  shift 26
	'*'  shift 28
	'('  shift 23
	'['  shift 30
	'!'  shift 25
	.  error

	exp  goto 127

state 70
	exp:  exp LEQ.exp 

	NUMBER  shift 33
	IDENT  shift 34
	STRING  shift 35
	kINCBIN  shift 31
	ARROW  shift 32
	'&'  shift 29
	'<'  shift 24
	'+'  shift 27
	'-'  shift 26
	'*'  shift 28
	'('  shift 23
	'['  shift 30
	'!'  shift 25
	.  error

	exp  goto 128

state 71
	exp:  exp GEQ.exp 

	NUMBER  shift 33
	IDENT  shift 34
	STRING  shift 35
	kINCBIN  shift 31
	ARROW  shift 32
	'&'  shift 29
	'<'  shift 24
	'+'  shift 27
	'-'  shift 26
	'*'  shift 28
	'('  shift 23
	'['  shift 30
	'!'  shift 25
	.  error

	exp  goto 129

state 72
	exp:  exp LSHIFT.exp 

	NUMBER  shift 33
	IDENT  shift 34
	STRING  shift 35
	kINCBIN  shift 31
	ARROW  shift 32
	'&'  shift 29
	'<'  shift 24
	'+'  shift 27
	'-'  shift 26
	'*'  shift 28
	'('  shift 23
	'['  shift 30
	'!'  shift 25
	.  error

	exp  goto 130

state 73
	exp:  exp RSHIFT.exp 

	NUMBER  shift 33
	IDENT  shift 34
	STRING  shift 35
	kINCBIN  shift 31
	ARROW  shift 32
	'&'  shift 29
	'<'  shift 24
	'+'  shift 27
	'-'  shift 26
	'*'  shift 28
	'('  shift 23
	'['  shift 30
	'!'  shift 25
	.  error

	exp  goto 131

state 74
	exp:  exp '('.exp_list ')' opt_block 
	exp_list: .    (91)

	NUMBER  shift 33
	IDENT  shift 34
	STRING  shift 35
	kINCBIN  shift 31
	ARROW  shift 32
	'&'  shift 29
	'<'  shift 24
	'+'  shift 27
	'-'  shift 26
	'*'  shift 28
	'('  shift 23
	'['  shift 30
	'!'  shift 25
	.  reduce 91 (src line 159)

	exp  goto 94
	exp_list  goto 132

state 75
	exp:  exp '['.exp ']' 

	NUMBER  shift 33
	IDENT  shift 34
	STRING  shift 35
	kINCBIN  shift 31
	ARROW  shift 32
	'&'  shift 29
	'<'  shift 24
	'+'  shift 27
	'-'  shift 26
	'*'  shift 28
	'('  shift 23
	'['  shift 30
	'!'  shift 25
	.  error

	exp  goto 133

state 76
	statement:  options ';'.    (19)

	.  reduce 19 (src line 70)


state 77
	statement:  kUSE opt_from.IDENT opt_as ';' 

	IDENT  shift 134
	.  error


state 78
	opt_from:  id_list.kFROM 

	kFROM  shift 135
	.  error


state 79
	opt_from:  '*'.kFROM 

	kFROM  shift 136
	.  error


state 80
	id_list:  tID.    (31)
	id_list:  tID.id_list 

	tID  shift 80
	.  reduce 31 (src line 85)

	id_list  goto 137

state 81
	statement:  kINCLUDE opt_ident.'(' STRING ')' opt_options ';' 

	'('  shift 138
	.  error


state 82
	opt_ident:  IDENT.    (36)

	.  reduce 36 (src line 92)


state 83
	statement:  kPUBLIC ':'.    (22)

	.  reduce 22 (src line 73)


state 84
	statement:  kPRIVATE ':'.    (23)

	.  reduce 23 (src line 74)


state 85
	exp:  '(' exp.')' 
	exp:  exp.'.' exp 
	exp:  exp.'=' exp 
	exp:  exp.'+' exp 
	exp:  exp.'-' exp 
	exp:  exp.'*' exp 
	exp:  exp.'/' exp 
	exp:  exp.'%' exp 
	exp:  exp.'&' exp 
	exp:  exp.'|' exp 
	exp:  exp.'^' exp 
	exp:  exp.ANDAND exp 
	exp:  exp.OROR exp 
	exp:  exp.ADDEQ exp 
	exp:  exp.SUBEQ exp 
	exp:  exp.EQEQ exp 
	exp:  exp.NEQ exp 
	exp:  exp.'<' exp 
	exp:  exp.'>' exp 
	exp:  exp.LEQ exp 
	exp:  exp.GEQ exp 
	exp:  exp.LSHIFT exp 
	exp:  exp.RSHIFT exp 
	exp:  exp.'(' exp_list ')' opt_block 
	exp:  exp.'[' exp ']' 

	LEQ  shift 70
	GEQ  shift 71
	EQEQ  shift 66
	ADDEQ  shift 64
	SUBEQ  shift 65
	NEQ  shift 67
	LSHIFT  shift 72
	RSHIFT  shift 73
	ANDAND  shift 62
	OROR  shift 63
	'='  shift 53
	'|'  shift 60
	'^'  shift 61
	'&'  shift 59
	'<'  shift 68
	'>'  shift 69
	'+'  shift 54
	'-'  shift 55
	'*'  shift 56
	'/'  shift 57
	'%'  shift 58
	'.'  shift 52
	'('  shift 74
	'['  shift 75
	')'  shift 139
	.  error


state 86
	exp:  '<' type_decl.'>' exp 
	type_decl:  type_decl.type_modifier 

	'>'  shift 140
	'*'  shift 143
	'('  shift 144
	'['  shift 142
	.  error

	type_modifier  goto 141

state 87
	type_decl:  IDENT.    (108)

	.  reduce 108 (src line 188)


state 88
	exp:  exp.'.' exp 
	exp:  exp.'=' exp 
	exp:  exp.'+' exp 
	exp:  exp.'-' exp 
	exp:  exp.'*' exp 
	exp:  exp.'/' exp 
	exp:  exp.'%' exp 
	exp:  exp.'&' exp 
	exp:  exp.'|' exp 
	exp:  exp.'^' exp 
	exp:  exp.ANDAND exp 
	exp:  exp.OROR exp 
	exp:  exp.ADDEQ exp 
	exp:  exp.SUBEQ exp 
	exp:  exp.EQEQ exp 
	exp:  exp.NEQ exp 
	exp:  exp.'<' exp 
	exp:  exp.'>' exp 
	exp:  exp.LEQ exp 
	exp:  exp.GEQ exp 
	exp:  exp.LSHIFT exp 
	exp:  exp.RSHIFT exp 
	exp:  '!' exp.    (76)
	exp:  exp.'(' exp_list ')' opt_block 
	exp:  exp.'[' exp ']' 

	'.'  shift 52
	'('  shift 74
	'['  shift 75
	.  reduce 76 (src line 143)


state 89
	exp:  exp.'.' exp 
	exp:  exp.'=' exp 
	exp:  exp.'+' exp 
	exp:  exp.'-' exp 
	exp:  exp.'*' exp 
	exp:  exp.'/' exp 
	exp:  exp.'%' exp 
	exp:  exp.'&' exp 
	exp:  exp.'|' exp 
	exp:  exp.'^' exp 
	exp:  exp.ANDAND exp 
	exp:  exp.OROR exp 
	exp:  exp.ADDEQ exp 
	exp:  exp.SUBEQ exp 
	exp:  exp.EQEQ exp 
	exp:  exp.NEQ exp 
	exp:  exp.'<' exp 
	exp:  exp.'>' exp 
	exp:  exp.LEQ exp 
	exp:  exp.GEQ exp 
	exp:  exp.LSHIFT exp 
	exp:  exp.RSHIFT exp 
	exp:  '-' exp.    (77)
	exp:  exp.'(' exp_list ')' opt_block 
	exp:  exp.'[' exp ']' 

	'.'  shift 52
	'('  shift 74
	'['  shift 75
	.  reduce 77 (src line 144)


state 90
	exp:  exp.'.' exp 
	exp:  exp.'=' exp 
	exp:  exp.'+' exp 
	exp:  exp.'-' exp 
	exp:  exp.'*' exp 
	exp:  exp.'/' exp 
	exp:  exp.'%' exp 
	exp:  exp.'&' exp 
	exp:  exp.'|' exp 
	exp:  exp.'^' exp 
	exp:  exp.ANDAND exp 
	exp:  exp.OROR exp 
	exp:  exp.ADDEQ exp 
	exp:  exp.SUBEQ exp 
	exp:  exp.EQEQ exp 
	exp:  exp.NEQ exp 
	exp:  exp.'<' exp 
	exp:  exp.'>' exp 
	exp:  exp.LEQ exp 
	exp:  exp.GEQ exp 
	exp:  exp.LSHIFT exp 
	exp:  exp.RSHIFT exp 
	exp:  '+' exp.    (78)
	exp:  exp.'(' exp_list ')' opt_block 
	exp:  exp.'[' exp ']' 

	'.'  shift 52
	'('  shift 74
	'['  shift 75
	.  reduce 78 (src line 145)


state 91
	exp:  exp.'.' exp 
	exp:  exp.'=' exp 
	exp:  exp.'+' exp 
	exp:  exp.'-' exp 
	exp:  exp.'*' exp 
	exp:  exp.'/' exp 
	exp:  exp.'%' exp 
	exp:  exp.'&' exp 
	exp:  exp.'|' exp 
	exp:  exp.'^' exp 
	exp:  exp.ANDAND exp 
	exp:  exp.OROR exp 
	exp:  exp.ADDEQ exp 
	exp:  exp.SUBEQ exp 
	exp:  exp.EQEQ exp 
	exp:  exp.NEQ exp 
	exp:  exp.'<' exp 
	exp:  exp.'>' exp 
	exp:  exp.LEQ exp 
	exp:  exp.GEQ exp 
	exp:  exp.LSHIFT exp 
	exp:  exp.RSHIFT exp 
	exp:  '*' exp.    (79)
	exp:  exp.'(' exp_list ')' opt_block 
	exp:  exp.'[' exp ']' 

	'.'  shift 52
	'('  shift 74
	'['  shift 75
	.  reduce 79 (src line 146)


state 92
	exp:  exp.'.' exp 
	exp:  exp.'=' exp 
	exp:  exp.'+' exp 
	exp:  exp.'-' exp 
	exp:  exp.'*' exp 
	exp:  exp.'/' exp 
	exp:  exp.'%' exp 
	exp:  exp.'&' exp 
	exp:  exp.'|' exp 
	exp:  exp.'^' exp 
	exp:  exp.ANDAND exp 
	exp:  exp.OROR exp 
	exp:  exp.ADDEQ exp 
	exp:  exp.SUBEQ exp 
	exp:  exp.EQEQ exp 
	exp:  exp.NEQ exp 
	exp:  exp.'<' exp 
	exp:  exp.'>' exp 
	exp:  exp.LEQ exp 
	exp:  exp.GEQ exp 
	exp:  exp.LSHIFT exp 
	exp:  exp.RSHIFT exp 
	exp:  '&' exp.    (80)
	exp:  exp.'(' exp_list ')' opt_block 
	exp:  exp.'[' exp ']' 

	'.'  shift 52
	'('  shift 74
	'['  shift 75
	.  reduce 80 (src line 147)


state 93
	exp:  '[' exp_list.']' 
	exp_list:  exp_list.',' exp 

	','  shift 146
	']'  shift 145
	.  error


state 94
	exp:  exp.'.' exp 
	exp:  exp.'=' exp 
	exp:  exp.'+' exp 
	exp:  exp.'-' exp 
	exp:  exp.'*' exp 
	exp:  exp.'/' exp 
	exp:  exp.'%' exp 
	exp:  exp.'&' exp 
	exp:  exp.'|' exp 
	exp:  exp.'^' exp 
	exp:  exp.ANDAND exp 
	exp:  exp.OROR exp 
	exp:  exp.ADDEQ exp 
	exp:  exp.SUBEQ exp 
	exp:  exp.EQEQ exp 
	exp:  exp.NEQ exp 
	exp:  exp.'<' exp 
	exp:  exp.'>' exp 
	exp:  exp.LEQ exp 
	exp:  exp.GEQ exp 
	exp:  exp.LSHIFT exp 
	exp:  exp.RSHIFT exp 
	exp:  exp.'(' exp_list ')' opt_block 
	exp:  exp.'[' exp ']' 
	exp_list:  exp.    (90)

	LEQ  shift 70
	GEQ  shift 71
	EQEQ  shift 66
	ADDEQ  shift 64
	SUBEQ  shift 65
	NEQ  shift 67
	LSHIFT  shift 72
	RSHIFT  shift 73
	ANDAND  shift 62
	OROR  shift 63
	'='  shift 53
	'|'  shift 60
	'^'  shift 61
	'&'  shift 59
	'<'  shift 68
	'>'  shift 69
	'+'  shift 54
	'-'  shift 55
	'*'  shift 56
	'/'  shift 57
	'%'  shift 58
	'.'  shift 52
	'('  shift 74
	'['  shift 75
	.  reduce 90 (src line 158)


state 95
	exp:  kINCBIN '('.STRING ')' 

	STRING  shift 147
	.  error


state 96
	exp:  ARROW type_decl.function_block 
	type_decl:  type_decl.type_modifier 

	'*'  shift 143
	'('  shift 144
	'['  shift 142
	';'  shift 150
	'{'  shift 37
	.  error

	function_block  goto 148
	block  goto 149
	type_modifier  goto 141

state 97
	options:  kOPTIONS '('.option_list ')' 

	IDENT  shift 154
	.  error

	option_list  goto 151
	option_list_sub  goto 152
	option  goto 153

state 98
	block:  '{' opt_statement_list.'}' 

	'}'  shift 155
	.  error


state 99
	statement:  opt_scope kVAR var_decl_list.';' 
	var_decl_list:  var_decl_list.',' var_decl 

	';'  shift 156
	','  shift 157
	.  error


state 100
	var_decl_list:  var_decl.    (102)

	.  reduce 102 (src line 177)


state 101
	var_decl:  IDENT.':' type_decl opt_var_init opt_options 
	var_decl:  IDENT.'=' exp opt_options 

	'='  shift 159
	':'  shift 158
	.  error


state 102
	statement:  opt_scope kCONST var_decl_list.';' 
	var_decl_list:  var_decl_list.',' var_decl 

	';'  shift 160
	','  shift 157
	.  error


state 103
	statement:  opt_scope kFUNCTION IDENT.'(' opt_var_decl_list ')' ':' type_decl opt_options function_block 

	'('  shift 161
	.  error


state 104
	statement:  kIF '(' exp.')' statement else_block 
	exp:  exp.'.' exp 
	exp:  exp.'=' exp 
	exp:  exp.'+' exp 
	exp:  exp.'-' exp 
	exp:  exp.'*' exp 
	exp:  exp.'/' exp 
	exp:  exp.'%' exp 
	exp:  exp.'&' exp 
	exp:  exp.'|' exp 
	exp:  exp.'^' exp 
	exp:  exp.ANDAND exp 
	exp:  exp.OROR exp 
	exp:  exp.ADDEQ exp 
	exp:  exp.SUBEQ exp 
	exp:  exp.EQEQ exp 
	exp:  exp.NEQ exp 
	exp:  exp.'<' exp 
	exp:  exp.'>' exp 
	exp:  exp.LEQ exp 
	exp:  exp.GEQ exp 
	exp:  exp.LSHIFT exp 
	exp:  exp.RSHIFT exp 
	exp:  exp.'(' exp_list ')' opt_block 
	exp:  exp.'[' exp ']' 

	LEQ  shift 70
	GEQ  shift 71
	EQEQ  shift 66
	ADDEQ  shift 64
	SUBEQ  shift 65
	NEQ  shift 67
	LSHIFT  shift 72
	RSHIFT  shift 73
	ANDAND  shift 62
	OROR  shift 63
	'='  shift 53
	'|'  shift 60
	'^'  shift 61
	'&'  shift 59
	'<'  shift 68
	'>'  shift 69
	'+'  shift 54
	'-'  shift 55
	'*'  shift 56
	'/'  shift 57
	'%'  shift 58
	'.'  shift 52
	'('  shift 74
	'['  shift 75
	')'  shift 162
	.  error


state 105
	statement:  kLOOP '(' ')'.statement 
	opt_scope: .    (26)

	NUMBER  shift 33
	IDENT  shift 34
	STRING  shift 35
	kINCLUDE  shift 18
	kOPTIONS  shift 36
	kIF  shift 7
	kLOOP  shift 8
	kWHILE  shift 9
	kFOR  shift 10
	kRETURN  shift 13
	kBREAK  shift 11
	kCONTINUE  shift 12
	kINCBIN  shift 31
	kSWITCH  shift 14
	kUSE  shift 17
	kPUBLIC  shift 19
	kPRIVATE  shift 20
	ARROW  shift 32
	'&'  shift 29
	'<'  shift 24
	'+'  shift 27
	'-'  shift 26
	'*'  shift 28
	'('  shift 23
	'['  shift 30
	';'  shift 22
	'{'  shift 37
	'!'  shift 25
	.  reduce 26 (src line 78)

	statement  goto 163
	opt_scope  goto 6
	block  goto 21
	exp  goto 15
	options  goto 16

state 106
	statement:  kWHILE '(' exp.')' statement 
	exp:  exp.'.' exp 
	exp:  exp.'=' exp 
	exp:  exp.'+' exp 
	exp:  exp.'-' exp 
	exp:  exp.'*' exp 
	exp:  exp.'/' exp 
	exp:  exp.'%' exp 
	exp:  exp.'&' exp 
	exp:  exp.'|' exp 
	exp:  exp.'^' exp 
	exp:  exp.ANDAND exp 
	exp:  exp.OROR exp 
	exp:  exp.ADDEQ exp 
	exp:  exp.SUBEQ exp 
	exp:  exp.EQEQ exp 
	exp:  exp.NEQ exp 
	exp:  exp.'<' exp 
	exp:  exp.'>' exp 
	exp:  exp.LEQ exp 
	exp:  exp.GEQ exp 
	exp:  exp.LSHIFT exp 
	exp:  exp.RSHIFT exp 
	exp:  exp.'(' exp_list ')' opt_block 
	exp:  exp.'[' exp ']' 

	LEQ  shift 70
	GEQ  shift 71
	EQEQ  shift 66
	ADDEQ  shift 64
	SUBEQ  shift 65
	NEQ  shift 67
	LSHIFT  shift 72
	RSHIFT  shift 73
	ANDAND  shift 62
	OROR  shift 63
	'='  shift 53
	'|'  shift 60
	'^'  shift 61
	'&'  shift 59
	'<'  shift 68
	'>'  shift 69
	'+'  shift 54
	'-'  shift 55
	'*'  shift 56
	'/'  shift 57
	'%'  shift 58
	'.'  shift 52
	'('  shift 74
	'['  shift 75
	')'  shift 164
	.  error


state 107
	statement:  kFOR '(' IDENT.',' exp ',' exp ')' block 

	','  shift 165
	.  error


state 108
	statement:  kRETURN opt_exp ';'.    (15)

	.  reduce 15 (src line 65)


state 109
	statement:  kSWITCH '(' exp.')' '{' switch_block opt_default_block '}' 
	exp:  exp.'.' exp 
	exp:  exp.'=' exp 
	exp:  exp.'+' exp 
	exp:  exp.'-' exp 
	exp:  exp.'*' exp 
	exp:  exp.'/' exp 
	exp:  exp.'%' exp 
	exp:  exp.'&' exp 
	exp:  exp.'|' exp 
	exp:  exp.'^' exp 
	exp:  exp.ANDAND exp 
	exp:  exp.OROR exp 
	exp:  exp.ADDEQ exp 
	exp:  exp.SUBEQ exp 
	exp:  exp.EQEQ exp 
	exp:  exp.NEQ exp 
	exp:  exp.'<' exp 
	exp:  exp.'>' exp 
	exp:  exp.LEQ exp 
	exp:  exp.GEQ exp 
	exp:  exp.LSHIFT exp 
	exp:  exp.RSHIFT exp 
	exp:  exp.'(' exp_list ')' opt_block 
	exp:  exp.'[' exp ']' 

	LEQ  shift 70
	GEQ  shift 71
	EQEQ  shift 66
	ADDEQ  shift 64
	SUBEQ  shift 65
	NEQ  shift 67
	LSHIFT  shift 72
	RSHIFT  shift 73
	ANDAND  shift 62
	OROR  shift 63
	'='  shift 53
	'|'  shift 60
	'^'  shift 61
	'&'  shift 59
	'<'  shift 68
	'>'  shift 69
	'+'  shift 54
	'-'  shift 55
	'*'  shift 56
	'/'  shift 57
	'%'  shift 58
	'.'  shift 52
	'('  shift 74
	'['  shift 75
	')'  shift 166
	.  error


state 110
	exp:  exp.'.' exp 
	exp:  exp '.' exp.    (53)
	exp:  exp.'=' exp 
	exp:  exp.'+' exp 
	exp:  exp.'-' exp 
	exp:  exp.'*' exp 
	exp:  exp.'/' exp 
	exp:  exp.'%' exp 
	exp:  exp.'&' exp 
	exp:  exp.'|' exp 
	exp:  exp.'^' exp 
	exp:  exp.ANDAND exp 
	exp:  exp.OROR exp 
	exp:  exp.ADDEQ exp 
	exp:  exp.SUBEQ exp 
	exp:  exp.EQEQ exp 
	exp:  exp.NEQ exp 
	exp:  exp.'<' exp 
	exp:  exp.'>' exp 
	exp:  exp.LEQ exp 
	exp:  exp.GEQ exp 
	exp:  exp.LSHIFT exp 
	exp:  exp.RSHIFT exp 
	exp:  exp.'(' exp_list ')' opt_block 
	exp:  exp.'[' exp ']' 

	.  reduce 53 (src line 120)


state 111
	exp:  exp.'.' exp 
	exp:  exp.'=' exp 
	exp:  exp '=' exp.    (54)
	exp:  exp.'+' exp 
	exp:  exp.'-' exp 
	exp:  exp.'*' exp 
	exp:  exp.'/' exp 
	exp:  exp.'%' exp 
	exp:  exp.'&' exp 
	exp:  exp.'|' exp 
	exp:  exp.'^' exp 
	exp:  exp.ANDAND exp 
	exp:  exp.OROR exp 
	exp:  exp.ADDEQ exp 
	exp:  exp.SUBEQ exp 
	exp:  exp.EQEQ exp 
	exp:  exp.NEQ exp 
	exp:  exp.'<' exp 
	exp:  exp.'>' exp 
	exp:  exp.LEQ exp 
	exp:  exp.GEQ exp 
	exp:  exp.LSHIFT exp 
	exp:  exp.RSHIFT exp 
	exp:  exp.'(' exp_list ')' opt_block 
	exp:  exp.'[' exp ']' 

	LEQ  shift 70
	GEQ  shift 71
	EQEQ  shift 66
	ADDEQ  shift 64
	SUBEQ  shift 65
	NEQ  shift 67
	LSHIFT  shift 72
	RSHIFT  shift 73
	ANDAND  shift 62
	OROR  shift 63
	'='  shift 53
	'|'  shift 60
	'^'  shift 61
	'&'  shift 59
	'<'  shift 68
	'>'  shift 69
	'+'  shift 54
	'-'  shift 55
	'*'  shift 56
	'/'  shift 57
	'%'  shift 58
	'.'  shift 52
	'('  shift 74
	'['  shift 75
	.  reduce 54 (src line 121)


state 112
	exp:  exp.'.' exp 
	exp:  exp.'=' exp 
	exp:  exp.'+' exp 
	exp:  exp '+' exp.    (55)
	exp:  exp.'-' exp 
	exp:  exp.'*' exp 
	exp:  exp.'/' exp 
	exp:  exp.'%' exp 
	exp:  exp.'&' exp 
	exp:  exp.'|' exp 
	exp:  exp.'^' exp 
	exp:  exp.ANDAND exp 
	exp:  exp.OROR exp 
	exp:  exp.ADDEQ exp 
	exp:  exp.SUBEQ exp 
	exp:  exp.EQEQ exp 
	exp:  exp.NEQ exp 
	exp:  exp.'<' exp 
	exp:  exp.'>' exp 
	exp:  exp.LEQ exp 
	exp:  exp.GEQ exp 
	exp:  exp.LSHIFT exp 
	exp:  exp.RSHIFT exp 
	exp:  exp.'(' exp_list ')' opt_block 
	exp:  exp.'[' exp ']' 

	'*'  shift 56
	'/'  shift 57
	'%'  shift 58
	'.'  shift 52
	'('  shift 74
	'['  shift 75
	.  reduce 55 (src line 122)


state 113
	exp:  exp.'.' exp 
	exp:  exp.'=' exp 
	exp:  exp.'+' exp 
	exp:  exp.'-' exp 
	exp:  exp '-' exp.    (56)
	exp:  exp.'*' exp 
	exp:  exp.'/' exp 
	exp:  exp.'%' exp 
	exp:  exp.'&' exp 
	exp:  exp.'|' exp 
	exp:  exp.'^' exp 
	exp:  exp.ANDAND exp 
	exp:  exp.OROR exp 
	exp:  exp.ADDEQ exp 
	exp:  exp.SUBEQ exp 
	exp:  exp.EQEQ exp 
	exp:  exp.NEQ exp 
	exp:  exp.'<' exp 
	exp:  exp.'>' exp 
	exp:  exp.LEQ exp 
	exp:  exp.GEQ exp 
	exp:  exp.LSHIFT exp 
	exp:  exp.RSHIFT exp 
	exp:  exp.'(' exp_list ')' opt_block 
	exp:  exp.'[' exp ']' 

	'*'  shift 56
	'/'  shift 57
	'%'  shift 58
	'.'  shift 52
	'('  shift 74
	'['  shift 75
	.  reduce 56 (src line 123)


state 114
	exp:  exp.'.' exp 
	exp:  exp.'=' exp 
	exp:  exp.'+' exp 
	exp:  exp.'-' exp 
	exp:  exp.'*' exp 
	exp:  exp '*' exp.    (57)
	exp:  exp.'/' exp 
	exp:  exp.'%' exp 
	exp:  exp.'&' exp 
	exp:  exp.'|' exp 
	exp:  exp.'^' exp 
	exp:  exp.ANDAND exp 
	exp:  exp.OROR exp 
	exp:  exp.ADDEQ exp 
	exp:  exp.SUBEQ exp 
	exp:  exp.EQEQ exp 
	exp:  exp.NEQ exp 
	exp:  exp.'<' exp 
	exp:  exp.'>' exp 
	exp:  exp.LEQ exp 
	exp:  exp.GEQ exp 
	exp:  exp.LSHIFT exp 
	exp:  exp.RSHIFT exp 
	exp:  exp.'(' exp_list ')' opt_block 
	exp:  exp.'[' exp ']' 

	'.'  shift 52
	'('  shift 74
	'['  shift 75
	.  reduce 57 (src line 124)


state 115
	exp:  exp.'.' exp 
	exp:  exp.'=' exp 
	exp:  exp.'+' exp 
	exp:  exp.'-' exp 
	exp:  exp.'*' exp 
	exp:  exp.'/' exp 
	exp:  exp '/' exp.    (58)
	exp:  exp.'%' exp 
	exp:  exp.'&' exp 
	exp:  exp.'|' exp 
	exp:  exp.'^' exp 
	exp:  exp.ANDAND exp 
	exp:  exp.OROR exp 
	exp:  exp.ADDEQ exp 
	exp:  exp.SUBEQ exp 
	exp:  exp.EQEQ exp 
	exp:  exp.NEQ exp 
	exp:  exp.'<' exp 
	exp:  exp.'>' exp 
	exp:  exp.LEQ exp 
	exp:  exp.GEQ exp 
	exp:  exp.LSHIFT exp 
	exp:  exp.RSHIFT exp 
	exp:  exp.'(' exp_list ')' opt_block 
	exp:  exp.'[' exp ']' 

	'.'  shift 52
	'('  shift 74
	'['  shift 75
	.  reduce 58 (src line 125)


state 116
	exp:  exp.'.' exp 
	exp:  exp.'=' exp 
	exp:  exp.'+' exp 
	exp:  exp.'-' exp 
	exp:  exp.'*' exp 
	exp:  exp.'/' exp 
	exp:  exp.'%' exp 
	exp:  exp '%' exp.    (59)
	exp:  exp.'&' exp 
	exp:  exp.'|' exp 
	exp:  exp.'^' exp 
	exp:  exp.ANDAND exp 
	exp:  exp.OROR exp 
	exp:  exp.ADDEQ exp 
	exp:  exp.SUBEQ exp 
	exp:  exp.EQEQ exp 
	exp:  exp.NEQ exp 
	exp:  exp.'<' exp 
	exp:  exp.'>' exp 
	exp:  exp.LEQ exp 
	exp:  exp.GEQ exp 
	exp:  exp.LSHIFT exp 
	exp:  exp.RSHIFT exp 
	exp:  exp.'(' exp_list ')' opt_block 
	exp:  exp.'[' exp ']' 

	'.'  shift 52
	'('  shift 74
	'['  shift 75
	.  reduce 59 (src line 126)


state 117
	exp:  exp.'.' exp 
	exp:  exp.'=' exp 
	exp:  exp.'+' exp 
	exp:  exp.'-' exp 
	exp:  exp.'*' exp 
	exp:  exp.'/' exp 
	exp:  exp.'%' exp 
	exp:  exp.'&' exp 
	exp:  exp '&' exp.    (60)
	exp:  exp.'|' exp 
	exp:  exp.'^' exp 
	exp:  exp.ANDAND exp 
	exp:  exp.OROR exp 
	exp:  exp.ADDEQ exp 
	exp:  exp.SUBEQ exp 
	exp:  exp.EQEQ exp 
	exp:  exp.NEQ exp 
	exp:  exp.'<' exp 
	exp:  exp.'>' exp 
	exp:  exp.LEQ exp 
	exp:  exp.GEQ exp 
	exp:  exp.LSHIFT exp 
	exp:  exp.RSHIFT exp 
	exp:  exp.'(' exp_list ')' opt_block 
	exp:  exp.'[' exp ']' 

	LEQ  shift 70
	GEQ  shift 71
	EQEQ  shift 66
	NEQ  shift 67
	LSHIFT  shift 72
	RSHIFT  shift 73
	'<'  shift 68
	'>'  shift 69
	'+'  shift 54
	'-'  shift 55
	'*'  shift 56
	'/'  shift 57
	'%'  shift 58
	'.'  shift 52
	'('  shift 74
	'['  shift 75
	.  reduce 60 (src line 127)


state 118
	exp:  exp.'.' exp 
	exp:  exp.'=' exp 
	exp:  exp.'+' exp 
	exp:  exp.'-' exp 
	exp:  exp.'*' exp 
	exp:  exp.'/' exp 
	exp:  exp.'%' exp 
	exp:  exp.'&' exp 
	exp:  exp.'|' exp 
	exp:  exp '|' exp.    (61)
	exp:  exp.'^' exp 
	exp:  exp.ANDAND exp 
	exp:  exp.OROR exp 
	exp:  exp.ADDEQ exp 
	exp:  exp.SUBEQ exp 
	exp:  exp.EQEQ exp 
	exp:  exp.NEQ exp 
	exp:  exp.'<' exp 
	exp:  exp.'>' exp 
	exp:  exp.LEQ exp 
	exp:  exp.GEQ exp 
	exp:  exp.LSHIFT exp 
	exp:  exp.RSHIFT exp 
	exp:  exp.'(' exp_list ')' opt_block 
	exp:  exp.'[' exp ']' 

	LEQ  shift 70
	GEQ  shift 71
	EQEQ  shift 66
	NEQ  shift 67
	LSHIFT  shift 72
	RSHIFT  shift 73
	'^'  shift 61
	'&'  shift 59
	'<'  shift 68
	'>'  shift 69
	'+'  shift 54
	'-'  shift 55
	'*'  shift 56
	'/'  shift 57
	'%'  shift 58
	'.'  shift 52
	'('  shift 74
	'['  shift 75
	.  reduce 61 (src line 128)


state 119
	exp:  exp.'.' exp 
	exp:  exp.'=' exp 
	exp:  exp.'+' exp 
	exp:  exp.'-' exp 
	exp:  exp.'*' exp 
	exp:  exp.'/' exp 
	exp:  exp.'%' exp 
	exp:  exp.'&' exp 
	exp:  exp.'|' exp 
	exp:  exp.'^' exp 
	exp:  exp '^' exp.    (62)
	exp:  exp.ANDAND exp 
	exp:  exp.OROR exp 
	exp:  exp.ADDEQ exp 
	exp:  exp.SUBEQ exp 
	exp:  exp.EQEQ exp 
	exp:  exp.NEQ exp 
	exp:  exp.'<' exp 
	exp:  exp.'>' exp 
	exp:  exp.LEQ exp 
	exp:  exp.GEQ exp 
	exp:  exp.LSHIFT exp 
	exp:  exp.RSHIFT exp 
	exp:  exp.'(' exp_list ')' opt_block 
	exp:  exp.'[' exp ']' 

	LEQ  shift 70
	GEQ  shift 71
	EQEQ  shift 66
	NEQ  shift 67
	LSHIFT  shift 72
	RSHIFT  shift 73
	'&'  shift 59
	'<'  shift 68
	'>'  shift 69
	'+'  shift 54
	'-'  shift 55
	'*'  shift 56
	'/'  shift 57
	'%'  shift 58
	'.'  shift 52
	'('  shift 74
	'['  shift 75
	.  reduce 62 (src line 129)


state 120
	exp:  exp.'.' exp 
	exp:  exp.'=' exp 
	exp:  exp.'+' exp 
	exp:  exp.'-' exp 
	exp:  exp.'*' exp 
	exp:  exp.'/' exp 
	exp:  exp.'%' exp 
	exp:  exp.'&' exp 
	exp:  exp.'|' exp 
	exp:  exp.'^' exp 
	exp:  exp.ANDAND exp 
	exp:  exp ANDAND exp.    (63)
	exp:  exp.OROR exp 
	exp:  exp.ADDEQ exp 
	exp:  exp.SUBEQ exp 
	exp:  exp.EQEQ exp 
	exp:  exp.NEQ exp 
	exp:  exp.'<' exp 
	exp:  exp.'>' exp 
	exp:  exp.LEQ exp 
	exp:  exp.GEQ exp 
	exp:  exp.LSHIFT exp 
	exp:  exp.RSHIFT exp 
	exp:  exp.'(' exp_list ')' opt_block 
	exp:  exp.'[' exp ']' 

	LEQ  shift 70
	GEQ  shift 71
	EQEQ  shift 66
	NEQ  shift 67
	LSHIFT  shift 72
	RSHIFT  shift 73
	'|'  shift 60
	'^'  shift 61
	'&'  shift 59
	'<'  shift 68
	'>'  shift 69
	'+'  shift 54
	'-'  shift 55
	'*'  shift 56
	'/'  shift 57
	'%'  shift 58
	'.'  shift 52
	'('  shift 74
	'['  shift 75
	.  reduce 63 (src line 130)


state 121
	exp:  exp.'.' exp 
	exp:  exp.'=' exp 
	exp:  exp.'+' exp 
	exp:  exp.'-' exp 
	exp:  exp.'*' exp 
	exp:  exp.'/' exp 
	exp:  exp.'%' exp 
	exp:  exp.'&' exp 
	exp:  exp.'|' exp 
	exp:  exp.'^' exp 
	exp:  exp.ANDAND exp 
	exp:  exp.OROR exp 
	exp:  exp OROR exp.    (64)
	exp:  exp.ADDEQ exp 
	exp:  exp.SUBEQ exp 
	exp:  exp.EQEQ exp 
	exp:  exp.NEQ exp 
	exp:  exp.'<' exp 
	exp:  exp.'>' exp 
	exp:  exp.LEQ exp 
	exp:  exp.GEQ exp 
	exp:  exp.LSHIFT exp 
	exp:  exp.RSHIFT exp 
	exp:  exp.'(' exp_list ')' opt_block 
	exp:  exp.'[' exp ']' 

	LEQ  shift 70
	GEQ  shift 71
	EQEQ  shift 66
	NEQ  shift 67
	LSHIFT  shift 72
	RSHIFT  shift 73
	ANDAND  shift 62
	'|'  shift 60
	'^'  shift 61
	'&'  shift 59
	'<'  shift 68
	'>'  shift 69
	'+'  shift 54
	'-'  shift 55
	'*'  shift 56
	'/'  shift 57
	'%'  shift 58
	'.'  shift 52
	'('  shift 74
	'['  shift 75
	.  reduce 64 (src line 131)


state 122
	exp:  exp.'.' exp 
	exp:  exp.'=' exp 
	exp:  exp.'+' exp 
	exp:  exp.'-' exp 
	exp:  exp.'*' exp 
	exp:  exp.'/' exp 
	exp:  exp.'%' exp 
	exp:  exp.'&' exp 
	exp:  exp.'|' exp 
	exp:  exp.'^' exp 
	exp:  exp.ANDAND exp 
	exp:  exp.OROR exp 
	exp:  exp.ADDEQ exp 
	exp:  exp ADDEQ exp.    (65)
	exp:  exp.SUBEQ exp 
	exp:  exp.EQEQ exp 
	exp:  exp.NEQ exp 
	exp:  exp.'<' exp 
	exp:  exp.'>' exp 
	exp:  exp.LEQ exp 
	exp:  exp.GEQ exp 
	exp:  exp.LSHIFT exp 
	exp:  exp.RSHIFT exp 
	exp:  exp.'(' exp_list ')' opt_block 
	exp:  exp.'[' exp ']' 

	LEQ  shift 70
	GEQ  shift 71
	EQEQ  shift 66
	ADDEQ  shift 64
	SUBEQ  shift 65
	NEQ  shift 67
	LSHIFT  shift 72
	RSHIFT  shift 73
	ANDAND  shift 62
	OROR  shift 63
	'='  shift 53
	'|'  shift 60
	'^'  shift 61
	'&'  shift 59
	'<'  shift 68
	'>'  shift 69
	'+'  shift 54
	'-'  shift 55
	'*'  shift 56
	'/'  shift 57
	'%'  shift 58
	'.'  shift 52
	'('  shift 74
	'['  shift 75
	.  reduce 65 (src line 132)


state 123
	exp:  exp.'.' exp 
	exp:  exp.'=' exp 
	exp:  exp.'+' exp 
	exp:  exp.'-' exp 
	exp:  exp.'*' exp 
	exp:  exp.'/' exp 
	exp:  exp.'%' exp 
	exp:  exp.'&' exp 
	exp:  exp.'|' exp 
	exp:  exp.'^' exp 
	exp:  exp.ANDAND exp 
	exp:  exp.OROR exp 
	exp:  exp.ADDEQ exp 
	exp:  exp.SUBEQ exp 
	exp:  exp SUBEQ exp.    (66)
	exp:  exp.EQEQ exp 
	exp:  exp.NEQ exp 
	exp:  exp.'<' exp 
	exp:  exp.'>' exp 
	exp:  exp.LEQ exp 
	exp:  exp.GEQ exp 
	exp:  exp.LSHIFT exp 
	exp:  exp.RSHIFT exp 
	exp:  exp.'(' exp_list ')' opt_block 
	exp:  exp.'[' exp ']' 

	LEQ  shift 70
	GEQ  shift 71
	EQEQ  shift 66
	ADDEQ  shift 64
	SUBEQ  shift 65
	NEQ  shift 67
	LSHIFT  shift 72
	RSHIFT  shift 73
	ANDAND  shift 62
	OROR  shift 63
	'='  shift 53
	'|'  shift 60
	'^'  shift 61
	'&'  shift 59
	'<'  shift 68
	'>'  shift 69
	'+'  shift 54
	'-'  shift 55
	'*'  shift 56
	'/'  shift 57
	'%'  shift 58
	'.'  shift 52
	'('  shift 74
	'['  shift 75
	.  reduce 66 (src line 133)


state 124
	exp:  exp.'.' exp 
	exp:  exp.'=' exp 
	exp:  exp.'+' exp 
	exp:  exp.'-' exp 
	exp:  exp.'*' exp 
	exp:  exp.'/' exp 
	exp:  exp.'%' exp 
	exp:  exp.'&' exp 
	exp:  exp.'|' exp 
	exp:  exp.'^' exp 
	exp:  exp.ANDAND exp 
	exp:  exp.OROR exp 
	exp:  exp.ADDEQ exp 
	exp:  exp.SUBEQ exp 
	exp:  exp.EQEQ exp 
	exp:  exp EQEQ exp.    (67)
	exp:  exp.NEQ exp 
	exp:  exp.'<' exp 
	exp:  exp.'>' exp 
	exp:  exp.LEQ exp 
	exp:  exp.GEQ exp 
	exp:  exp.LSHIFT exp 
	exp:  exp.RSHIFT exp 
	exp:  exp.'(' exp_list ')' opt_block 
	exp:  exp.'[' exp ']' 

	LEQ  shift 70
	GEQ  shift 71
	LSHIFT  shift 72
	RSHIFT  shift 73
	'<'  shift 68
	'>'  shift 69
	'+'  shift 54
	'-'  shift 55
	'*'  shift 56
	'/'  shift 57
	'%'  shift 58
	'.'  shift 52
	'('  shift 74
	'['  shift 75
	.  reduce 67 (src line 134)


state 125
	exp:  exp.'.' exp 
	exp:  exp.'=' exp 
	exp:  exp.'+' exp 
	exp:  exp.'-' exp 
	exp:  exp.'*' exp 
	exp:  exp.'/' exp 
	exp:  exp.'%' exp 
	exp:  exp.'&' exp 
	exp:  exp.'|' exp 
	exp:  exp.'^' exp 
	exp:  exp.ANDAND exp 
	exp:  exp.OROR exp 
	exp:  exp.ADDEQ exp 
	exp:  exp.SUBEQ exp 
	exp:  exp.EQEQ exp 
	exp:  exp.NEQ exp 
	exp:  exp NEQ exp.    (68)
	exp:  exp.'<' exp 
	exp:  exp.'>' exp 
	exp:  exp.LEQ exp 
	exp:  exp.GEQ exp 
	exp:  exp.LSHIFT exp 
	exp:  exp.RSHIFT exp 
	exp:  exp.'(' exp_list ')' opt_block 
	exp:  exp.'[' exp ']' 

	LEQ  shift 70
	GEQ  shift 71
	LSHIFT  shift 72
	RSHIFT  shift 73
	'<'  shift 68
	'>'  shift 69
	'+'  shift 54
	'-'  shift 55
	'*'  shift 56
	'/'  shift 57
	'%'  shift 58
	'.'  shift 52
	'('  shift 74
	'['  shift 75
	.  reduce 68 (src line 135)


state 126
	exp:  exp.'.' exp 
	exp:  exp.'=' exp 
	exp:  exp.'+' exp 
	exp:  exp.'-' exp 
	exp:  exp.'*' exp 
	exp:  exp.'/' exp 
	exp:  exp.'%' exp 
	exp:  exp.'&' exp 
	exp:  exp.'|' exp 
	exp:  exp.'^' exp 
	exp:  exp.ANDAND exp 
	exp:  exp.OROR exp 
	exp:  exp.ADDEQ exp 
	exp:  exp.SUBEQ exp 
	exp:  exp.EQEQ exp 
	exp:  exp.NEQ exp 
	exp:  exp.'<' exp 
	exp:  exp '<' exp.    (69)
	exp:  exp.'>' exp 
	exp:  exp.LEQ exp 
	exp:  exp.GEQ exp 
	exp:  exp.LSHIFT exp 
	exp:  exp.RSHIFT exp 
	exp:  exp.'(' exp_list ')' opt_block 
	exp:  exp.'[' exp ']' 

	LSHIFT  shift 72
	RSHIFT  shift 73
	'+'  shift 54
	'-'  shift 55
	'*'  shift 56
	'/'  shift 57
	'%'  shift 58
	'.'  shift 52
	'('  shift 74
	'['  shift 75
	.  reduce 69 (src line 136)


state 127
	exp:  exp.'.' exp 
	exp:  exp.'=' exp 
	exp:  exp.'+' exp 
	exp:  exp.'-' exp 
	exp:  exp.'*' exp 
	exp:  exp.'/' exp 
	exp:  exp.'%' exp 
	exp:  exp.'&' exp 
	exp:  exp.'|' exp 
	exp:  exp.'^' exp 
	exp:  exp.ANDAND exp 
	exp:  exp.OROR exp 
	exp:  exp.ADDEQ exp 
	exp:  exp.SUBEQ exp 
	exp:  exp.EQEQ exp 
	exp:  exp.NEQ exp 
	exp:  exp.'<' exp 
	exp:  exp.'>' exp 
	exp:  exp '>' exp.    (70)
	exp:  exp.LEQ exp 
	exp:  exp.GEQ exp 
	exp:  exp.LSHIFT exp 
	exp:  exp.RSHIFT exp 
	exp:  exp.'(' exp_list ')' opt_block 
	exp:  exp.'[' exp ']' 

	LSHIFT  shift 72
	RSHIFT  shift 73
	'+'  shift 54
	'-'  shift 55
	'*'  shift 56
	'/'  shift 57
	'%'  shift 58
	'.'  shift 52
	'('  shift 74
	'['  shift 75
	.  reduce 70 (src line 137)


state 128
	exp:  exp.'.' exp 
	exp:  exp.'=' exp 
	exp:  exp.'+' exp 
	exp:  exp.'-' exp 
	exp:  exp.'*' exp 
	exp:  exp.'/' exp 
	exp:  exp.'%' exp 
	exp:  exp.'&' exp 
	exp:  exp.'|' exp 
	exp:  exp.'^' exp 
	exp:  exp.ANDAND exp 
	exp:  exp.OROR exp 
	exp:  exp.ADDEQ exp 
	exp:  exp.SUBEQ exp 
	exp:  exp.EQEQ exp 
	exp:  exp.NEQ exp 
	exp:  exp.'<' exp 
	exp:  exp.'>' exp 
	exp:  exp.LEQ exp 
	exp:  exp LEQ exp.    (71)
	exp:  exp.GEQ exp 
	exp:  exp.LSHIFT exp 
	exp:  exp.RSHIFT exp 
	exp:  exp.'(' exp_list ')' opt_block 
	exp:  exp.'[' exp ']' 

	LSHIFT  shift 72
	RSHIFT  shift 73
	'+'  shift 54
	'-'  shift 55
	'*'  shift 56
	'/'  shift 57
	'%'  shift 58
	'.'  shift 52
	'('  shift 74
	'['  shift 75
	.  reduce 71 (src line 138)


state 129
	exp:  exp.'.' exp 
	exp:  exp.'=' exp 
	exp:  exp.'+' exp 
	exp:  exp.'-' exp 
	exp:  exp.'*' exp 
	exp:  exp.'/' exp 
	exp:  exp.'%' exp 
	exp:  exp.'&' exp 
	exp:  exp.'|' exp 
	exp:  exp.'^' exp 
	exp:  exp.ANDAND exp 
	exp:  exp.OROR exp 
	exp:  exp.ADDEQ exp 
	exp:  exp.SUBEQ exp 
	exp:  exp.EQEQ exp 
	exp:  exp.NEQ exp 
	exp:  exp.'<' exp 
	exp:  exp.'>' exp 
	exp:  exp.LEQ exp 
	exp:  exp.GEQ exp 
	exp:  exp GEQ exp.    (72)
	exp:  exp.LSHIFT exp 
	exp:  exp.RSHIFT exp 
	exp:  exp.'(' exp_list ')' opt_block 
	exp:  exp.'[' exp ']' 

	LSHIFT  shift 72
	RSHIFT  shift 73
	'+'  shift 54
	'-'  shift 55
	'*'  shift 56
	'/'  shift 57
	'%'  shift 58
	'.'  shift 52
	'('  shift 74
	'['  shift 75
	.  reduce 72 (src line 139)


state 130
	exp:  exp.'.' exp 
	exp:  exp.'=' exp 
	exp:  exp.'+' exp 
	exp:  exp.'-' exp 
	exp:  exp.'*' exp 
	exp:  exp.'/' exp 
	exp:  exp.'%' exp 
	exp:  exp.'&' exp 
	exp:  exp.'|' exp 
	exp:  exp.'^' exp 
	exp:  exp.ANDAND exp 
	exp:  exp.OROR exp 
	exp:  exp.ADDEQ exp 
	exp:  exp.SUBEQ exp 
	exp:  exp.EQEQ exp 
	exp:  exp.NEQ exp 
	exp:  exp.'<' exp 
	exp:  exp.'>' exp 
	exp:  exp.LEQ exp 
	exp:  exp.GEQ exp 
	exp:  exp.LSHIFT exp 
	exp:  exp LSHIFT exp.    (73)
	exp:  exp.RSHIFT exp 
	exp:  exp.'(' exp_list ')' opt_block 
	exp:  exp.'[' exp ']' 

	'+'  shift 54
	'-'  shift 55
	'*'  shift 56
	'/'  shift 57
	'%'  shift 58
	'.'  shift 52
	'('  shift 74
	'['  shift 75
	.  reduce 73 (src line 140)


state 131
	exp:  exp.'.' exp 
	exp:  exp.'=' exp 
	exp:  exp.'+' exp 
	exp:  exp.'-' exp 
	exp:  exp.'*' exp 
	exp:  exp.'/' exp 
	exp:  exp.'%' exp 
	exp:  exp.'&' exp 
	exp:  exp.'|' exp 
	exp:  exp.'^' exp 
	exp:  exp.ANDAND exp 
	exp:  exp.OROR exp 
	exp:  exp.ADDEQ exp 
	exp:  exp.SUBEQ exp 
	exp:  exp.EQEQ exp 
	exp:  exp.NEQ exp 
	exp:  exp.'<' exp 
	exp:  exp.'>' exp 
	exp:  exp.LEQ exp 
	exp:  exp.GEQ exp 
	exp:  exp.LSHIFT exp 
	exp:  exp.RSHIFT exp 
	exp:  exp RSHIFT exp.    (74)
	exp:  exp.'(' exp_list ')' opt_block 
	exp:  exp.'[' exp ']' 

	'+'  shift 54
	'-'  shift 55
	'*'  shift 56
	'/'  shift 57
	'%'  shift 58
	'.'  shift 52
	'('  shift 74
	'['  shift 75
	.  reduce 74 (src line 141)


state 132
	exp:  exp '(' exp_list.')' opt_block 
	exp_list:  exp_list.',' exp 

	')'  shift 167
	','  shift 146
	.  error


state 133
	exp:  exp.'.' exp 
	exp:  exp.'=' exp 
	exp:  exp.'+' exp 
	exp:  exp.'-' exp 
	exp:  exp.'*' exp 
	exp:  exp.'/' exp 
	exp:  exp.'%' exp 
	exp:  exp.'&' exp 
	exp:  exp.'|' exp 
	exp:  exp.'^' exp 
	exp:  exp.ANDAND exp 
	exp:  exp.OROR exp 
	exp:  exp.ADDEQ exp 
	exp:  exp.SUBEQ exp 
	exp:  exp.EQEQ exp 
	exp:  exp.NEQ exp 
	exp:  exp.'<' exp 
	exp:  exp.'>' exp 
	exp:  exp.LEQ exp 
	exp:  exp.GEQ exp 
	exp:  exp.LSHIFT exp 
	exp:  exp.RSHIFT exp 
	exp:  exp.'(' exp_list ')' opt_block 
	exp:  exp.'[' exp ']' 
	exp:  exp '[' exp.']' 

	LEQ  shift 70
	GEQ  shift 71
	EQEQ  shift 66
	ADDEQ  shift 64
	SUBEQ  shift 65
	NEQ  shift 67
	LSHIFT  shift 72
	RSHIFT  shift 73
	ANDAND  shift 62
	OROR  shift 63
	'='  shift 53
	'|'  shift 60
	'^'  shift 61
	'&'  shift 59
	'<'  shift 68
	'>'  shift 69
	'+'  shift 54
	'-'  shift 55
	'*'  shift 56
	'/'  shift 57
	'%'  shift 58
	'.'  shift 52
	'('  shift 74
	'['  shift 75
	']'  shift 168
	.  error


state 134
	statement:  kUSE opt_from IDENT.opt_as ';' 
	opt_as: .    (33)

	kAS  shift 170
	.  reduce 33 (src line 88)

	opt_as  goto 169

state 135
	opt_from:  id_list kFROM.    (29)

	.  reduce 29 (src line 82)


state 136
	opt_from:  '*' kFROM.    (30)

	.  reduce 30 (src line 83)


state 137
	id_list:  tID id_list.    (32)

	.  reduce 32 (src line 86)


state 138
	statement:  kINCLUDE opt_ident '('.STRING ')' opt_options ';' 

	STRING  shift 171
	.  error


state 139
	exp:  '(' exp ')'.    (52)

	.  reduce 52 (src line 119)


state 140
	exp:  '<' type_decl '>'.exp 

	NUMBER  shift 33
	IDENT  shift 34
	STRING  shift 35
	kINCBIN  shift 31
	ARROW  shift 32
	'&'  shift 29
	'<'  shift 24
	'+'  shift 27
	'-'  shift 26
	'*'  shift 28
	'('  shift 23
	'['  shift 30
	'!'  shift 25
	.  error

	exp  goto 172

state 141
	type_decl:  type_decl type_modifier.    (107)

	.  reduce 107 (src line 187)


state 142
	type_modifier:  '['.exp ']' 
	type_modifier:  '['.']' 

	NUMBER  shift 33
	IDENT  shift 34
	STRING  shift 35
	kINCBIN  shift 31
	ARROW  shift 32
	'&'  shift 29
	'<'  shift 24
	'+'  shift 27
	'-'  shift 26
	'*'  shift 28
	'('  shift 23
	'['  shift 30
	'!'  shift 25
	']'  shift 174
	.  error

	exp  goto 173

state 143
	type_modifier:  '*'.    (111)

	.  reduce 111 (src line 192)


state 144
	type_modifier:  '('.arg_decl_list ')' 
	arg_decl_list: .    (115)

	IDENT  shift 178
	.  reduce 115 (src line 197)

	type_decl  goto 177
	arg_decl_list  goto 175
	arg_decl  goto 176

state 145
	exp:  '[' exp_list ']'.    (83)

	.  reduce 83 (src line 150)


state 146
	exp_list:  exp_list ','.exp 

	NUMBER  shift 33
	IDENT  shift 34
	STRING  shift 35
	kINCBIN  shift 31
	ARROW  shift 32
	'&'  shift 29
	'<'  shift 24
	'+'  shift 27
	'-'  shift 26
	'*'  shift 28
	'('  shift 23
	'['  shift 30
	'!'  shift 25
	.  error

	exp  goto 179

state 147
	exp:  kINCBIN '(' STRING.')' 

	')'  shift 180
	.  error


state 148
	exp:  ARROW type_decl function_block.    (85)

	.  reduce 85 (src line 152)


state 149
	function_block:  block.    (42)

	.  reduce 42 (src line 102)


state 150
	function_block:  ';'.    (43)

	.  reduce 43 (src line 103)


state 151
	options:  kOPTIONS '(' option_list.')' 

	')'  shift 181
	.  error


state 152
	option_list:  option_list_sub.    (95)
	option_list_sub:  option_list_sub.',' option 

	','  shift 182
	.  reduce 95 (src line 167)


state 153
	option_list_sub:  option.    (97)

	.  reduce 97 (src line 169)


state 154
	option:  IDENT.':' exp 

	':'  shift 183
	.  error


state 155
	block:  '{' opt_statement_list '}'.    (44)

	.  reduce 44 (src line 105)


state 156
	statement:  opt_scope kVAR var_decl_list ';'.    (7)

	.  reduce 7 (src line 57)


state 157
	var_decl_list:  var_decl_list ','.var_decl 

	IDENT  shift 101
	.  error

	var_decl  goto 184

state 158
	var_decl:  IDENT ':'.type_decl opt_var_init opt_options 

	IDENT  shift 87
	.  error

	type_decl  goto 185

state 159
	var_decl:  IDENT '='.exp opt_options 

	NUMBER  shift 33
	IDENT  shift 34
	STRING  shift 35
	kINCBIN  shift 31
	ARROW  shift 32
	'&'  shift 29
	'<'  shift 24
	'+'  shift 27
	'-'  shift 26
	'*'  shift 28
	'('  shift 23
	'['  shift 30
	'!'  shift 25
	.  error

	exp  goto 186

state 160
	statement:  opt_scope kCONST var_decl_list ';'.    (8)

	.  reduce 8 (src line 58)


state 161
	statement:  opt_scope kFUNCTION IDENT '('.opt_var_decl_list ')' ':' type_decl opt_options function_block 
	opt_var_decl_list: .    (99)

	IDENT  shift 101
	.  reduce 99 (src line 174)

	opt_var_decl_list  goto 187
	var_decl_list  goto 188
	var_decl  goto 100

state 162
	statement:  kIF '(' exp ')'.statement else_block 
	opt_scope: .    (26)

	NUMBER  shift 33
	IDENT  shift 34
	STRING  shift 35
	kINCLUDE  shift 18
	kOPTIONS  shift 36
	kIF  shift 7
	kLOOP  shift 8
	kWHILE  shift 9
	kFOR  shift 10
	kRETURN  shift 13
	kBREAK  shift 11
	kCONTINUE  shift 12
	kINCBIN  shift 31
	kSWITCH  shift 14
	kUSE  shift 17
	kPUBLIC  shift 19
	kPRIVATE  shift 20
	ARROW  shift 32
	'&'  shift 29
	'<'  shift 24
	'+'  shift 27
	'-'  shift 26
	'*'  shift 28
	'('  shift 23
	'['  shift 30
	';'  shift 22
	'{'  shift 37
	'!'  shift 25
	.  reduce 26 (src line 78)

	statement  goto 189
	opt_scope  goto 6
	block  goto 21
	exp  goto 15
	options  goto 16

state 163
	statement:  kLOOP '(' ')' statement.    (10)

	.  reduce 10 (src line 60)


state 164
	statement:  kWHILE '(' exp ')'.statement 
	opt_scope: .    (26)

	NUMBER  shift 33
	IDENT  shift 34
	STRING  shift 35
	kINCLUDE  shift 18
	kOPTIONS  shift 36
	kIF  shift 7
	kLOOP  shift 8
	kWHILE  shift 9
	kFOR  shift 10
	kRETURN  shift 13
	kBREAK  shift 11
	kCONTINUE  shift 12
	kINCBIN  shift 31
	kSWITCH  shift 14
	kUSE  shift 17
	kPUBLIC  shift 19
	kPRIVATE  shift 20
	ARROW  shift 32
	'&'  shift 29
	'<'  shift 24
	'+'  shift 27
	'-'  shift 26
	'*'  shift 28
	'('  shift 23
	'['  shift 30
	';'  shift 22
	'{'  shift 37
	'!'  shift 25
	.  reduce 26 (src line 78)

	statement  goto 190
	opt_scope  goto 6
	block  goto 21
	exp  goto 15
	options  goto 16

state 165
	statement:  kFOR '(' IDENT ','.exp ',' exp ')' block 

	NUMBER  shift 33
	IDENT  shift 34
	STRING  shift 35
	kINCBIN  shift 31
	ARROW  shift 32
	'&'  shift 29
	'<'  shift 24
	'+'  shift 27
	'-'  shift 26
	'*'  shift 28
	'('  shift 23
	'['  shift 30
	'!'  shift 25
	.  error

	exp  goto 191

state 166
	statement:  kSWITCH '(' exp ')'.'{' switch_block opt_default_block '}' 

	'{'  shift 192
	.  error


state 167
	exp:  exp '(' exp_list ')'.opt_block 
	opt_block: .    (45)

	'{'  shift 37
	.  reduce 45 (src line 107)

	block  goto 194
	opt_block  goto 193

state 168
	exp:  exp '[' exp ']'.    (82)

	.  reduce 82 (src line 149)


state 169
	statement:  kUSE opt_from IDENT opt_as.';' 

	';'  shift 195
	.  error


state 170
	opt_as:  kAS.IDENT 

	IDENT  shift 196
	.  error


state 171
	statement:  kINCLUDE opt_ident '(' STRING.')' opt_options ';' 

	')'  shift 197
	.  error


state 172
	exp:  exp.'.' exp 
	exp:  exp.'=' exp 
	exp:  exp.'+' exp 
	exp:  exp.'-' exp 
	exp:  exp.'*' exp 
	exp:  exp.'/' exp 
	exp:  exp.'%' exp 
	exp:  exp.'&' exp 
	exp:  exp.'|' exp 
	exp:  exp.'^' exp 
	exp:  exp.ANDAND exp 
	exp:  exp.OROR exp 
	exp:  exp.ADDEQ exp 
	exp:  exp.SUBEQ exp 
	exp:  exp.EQEQ exp 
	exp:  exp.NEQ exp 
	exp:  exp.'<' exp 
	exp:  exp.'>' exp 
	exp:  exp.LEQ exp 
	exp:  exp.GEQ exp 
	exp:  exp.LSHIFT exp 
	exp:  exp.RSHIFT exp 
	exp:  '<' type_decl '>' exp.    (75)
	exp:  exp.'(' exp_list ')' opt_block 
	exp:  exp.'[' exp ']' 

	LSHIFT  shift 72
	RSHIFT  shift 73
	'+'  shift 54
	'-'  shift 55
	'*'  shift 56
	'/'  shift 57
	'%'  shift 58
	'.'  shift 52
	'('  shift 74
	'['  shift 75
	.  reduce 75 (src line 142)


state 173
	exp:  exp.'.' exp 
	exp:  exp.'=' exp 
	exp:  exp.'+' exp 
	exp:  exp.'-' exp 
	exp:  exp.'*' exp 
	exp:  exp.'/' exp 
	exp:  exp.'%' exp 
	exp:  exp.'&' exp 
	exp:  exp.'|' exp 
	exp:  exp.'^' exp 
	exp:  exp.ANDAND exp 
	exp:  exp.OROR exp 
	exp:  exp.ADDEQ exp 
	exp:  exp.SUBEQ exp 
	exp:  exp.EQEQ exp 
	exp:  exp.NEQ exp 
	exp:  exp.'<' exp 
	exp:  exp.'>' exp 
	exp:  exp.LEQ exp 
	exp:  exp.GEQ exp 
	exp:  exp.LSHIFT exp 
	exp:  exp.RSHIFT exp 
	exp:  exp.'(' exp_list ')' opt_block 
	exp:  exp.'[' exp ']' 
	type_modifier:  '[' exp.']' 

	LEQ  shift 70
	GEQ  shift 71
	EQEQ  shift 66
	ADDEQ  shift 64
	SUBEQ  shift 65
	NEQ  shift 67
	LSHIFT  shift 72
	RSHIFT  shift 73
	ANDAND  shift 62
	OROR  shift 63
	'='  shift 53
	'|'  shift 60
	'^'  shift 61
	'&'  shift 59
	'<'  shift 68
	'>'  shift 69
	'+'  shift 54
	'-'  shift 55
	'*'  shift 56
	'/'  shift 57
	'%'  shift 58
	'.'  shift 52
	'('  shift 74
	'['  shift 75
	']'  shift 198
	.  error


state 174
	type_modifier:  '[' ']'.    (110)

	.  reduce 110 (src line 191)


state 175
	type_modifier:  '(' arg_decl_list.')' 
	arg_decl_list:  arg_decl_list.',' arg_decl 

	')'  shift 199
	','  shift 200
	.  error


state 176
	arg_decl_list:  arg_decl.    (114)

	.  reduce 114 (src line 196)


state 177
	type_decl:  type_decl.type_modifier 
	arg_decl:  type_decl.    (116)

	'*'  shift 143
	'('  shift 144
	'['  shift 142
	.  reduce 116 (src line 199)

	type_modifier  goto 141

state 178
	type_decl:  IDENT.    (108)
	arg_decl:  IDENT.':' type_decl 

	':'  shift 201
	.  reduce 108 (src line 188)


state 179
	exp:  exp.'.' exp 
	exp:  exp.'=' exp 
	exp:  exp.'+' exp 
	exp:  exp.'-' exp 
	exp:  exp.'*' exp 
	exp:  exp.'/' exp 
	exp:  exp.'%' exp 
	exp:  exp.'&' exp 
	exp:  exp.'|' exp 
	exp:  exp.'^' exp 
	exp:  exp.ANDAND exp 
	exp:  exp.OROR exp 
	exp:  exp.ADDEQ exp 
	exp:  exp.SUBEQ exp 
	exp:  exp.EQEQ exp 
	exp:  exp.NEQ exp 
	exp:  exp.'<' exp 
	exp:  exp.'>' exp 
	exp:  exp.LEQ exp 
	exp:  exp.GEQ exp 
	exp:  exp.LSHIFT exp 
	exp:  exp.RSHIFT exp 
	exp:  exp.'(' exp_list ')' opt_block 
	exp:  exp.'[' exp ']' 
	exp_list:  exp_list ',' exp.    (89)

	LEQ  shift 70
	GEQ  shift 71
	EQEQ  shift 66
	ADDEQ  shift 64
	SUBEQ  shift 65
	NEQ  shift 67
	LSHIFT  shift 72
	RSHIFT  shift 73
	ANDAND  shift 62
	OROR  shift 63
	'='  shift 53
	'|'  shift 60
	'^'  shift 61
	'&'  shift 59
	'<'  shift 68
	'>'  shift 69
	'+'  shift 54
	'-'  shift 55
	'*'  shift 56
	'/'  shift 57
	'%'  shift 58
	'.'  shift 52
	'('  shift 74
	'['  shift 75
	.  reduce 89 (src line 157)


state 180
	exp:  kINCBIN '(' STRING ')'.    (84)

	.  reduce 84 (src line 151)


state 181
	options:  kOPTIONS '(' option_list ')'.    (94)

	.  reduce 94 (src line 165)


state 182
	option_list_sub:  option_list_sub ','.option 

	IDENT  shift 154
	.  error

	option  goto 202

state 183
	option:  IDENT ':'.exp 

	NUMBER  shift 33
	IDENT  shift 34
	STRING  shift 35
	kINCBIN  shift 31
	ARROW  shift 32
	'&'  shift 29
	'<'  shift 24
	'+'  shift 27
	'-'  shift 26
	'*'  shift 28
	'('  shift 23
	'['  shift 30
	'!'  shift 25
	.  error

	exp  goto 203

state 184
	var_decl_list:  var_decl_list ',' var_decl.    (101)

	.  reduce 101 (src line 176)


state 185
	var_decl:  IDENT ':' type_decl.opt_var_init opt_options 
	type_decl:  type_decl.type_modifier 
	opt_var_init: .    (105)

	'='  shift 205
	'*'  shift 143
	'('  shift 144
	'['  shift 142
	.  reduce 105 (src line 182)

	opt_var_init  goto 204
	type_modifier  goto 141

state 186
	exp:  exp.'.' exp 
	exp:  exp.'=' exp 
	exp:  exp.'+' exp 
	exp:  exp.'-' exp 
	exp:  exp.'*' exp 
	exp:  exp.'/' exp 
	exp:  exp.'%' exp 
	exp:  exp.'&' exp 
	exp:  exp.'|' exp 
	exp:  exp.'^' exp 
	exp:  exp.ANDAND exp 
	exp:  exp.OROR exp 
	exp:  exp.ADDEQ exp 
	exp:  exp.SUBEQ exp 
	exp:  exp.EQEQ exp 
	exp:  exp.NEQ exp 
	exp:  exp.'<' exp 
	exp:  exp.'>' exp 
	exp:  exp.LEQ exp 
	exp:  exp.GEQ exp 
	exp:  exp.LSHIFT exp 
	exp:  exp.RSHIFT exp 
	exp:  exp.'(' exp_list ')' opt_block 
	exp:  exp.'[' exp ']' 
	var_decl:  IDENT '=' exp.opt_options 
	opt_options: .    (92)

	kOPTIONS  shift 36
	LEQ  shift 70
	GEQ  shift 71
	EQEQ  shift 66
	ADDEQ  shift 64
	SUBEQ  shift 65
	NEQ  shift 67
	LSHIFT  shift 72
	RSHIFT  shift 73
	ANDAND  shift 62
	OROR  shift 63
	'='  shift 53
	'|'  shift 60
	'^'  shift 61
	'&'  shift 59
	'<'  shift 68
	'>'  shift 69
	'+'  shift 54
	'-'  shift 55
	'*'  shift 56
	'/'  shift 57
	'%'  shift 58
	'.'  shift 52
	'('  shift 74
	'['  shift 75
	.  reduce 92 (src line 163)

	opt_options  goto 206
	options  goto 207

state 187
	statement:  opt_scope kFUNCTION IDENT '(' opt_var_decl_list.')' ':' type_decl opt_options function_block 

	')'  shift 208
	.  error


state 188
	opt_var_decl_list:  var_decl_list.    (100)
	var_decl_list:  var_decl_list.',' var_decl 

	','  shift 157
	.  reduce 100 (src line 175)


state 189
	statement:  kIF '(' exp ')' statement.else_block 
	else_block: .    (47)

	kELSE  shift 210
	kELSIF  shift 211
	.  reduce 47 (src line 110)

	else_block  goto 209

state 190
	statement:  kWHILE '(' exp ')' statement.    (11)

	.  reduce 11 (src line 61)


state 191
	statement:  kFOR '(' IDENT ',' exp.',' exp ')' block 
	exp:  exp.'.' exp 
	exp:  exp.'=' exp 
	exp:  exp.'+' exp 
	exp:  exp.'-' exp 
	exp:  exp.'*' exp 
	exp:  exp.'/' exp 
	exp:  exp.'%' exp 
	exp:  exp.'&' exp 
	exp:  exp.'|' exp 
	exp:  exp.'^' exp 
	exp:  exp.ANDAND exp 
	exp:  exp.OROR exp 
	exp:  exp.ADDEQ exp 
	exp:  exp.SUBEQ exp 
	exp:  exp.EQEQ exp 
	exp:  exp.NEQ exp 
	exp:  exp.'<' exp 
	exp:  exp.'>' exp 
	exp:  exp.LEQ exp 
	exp:  exp.GEQ exp 
	exp:  exp.LSHIFT exp 
	exp:  exp.RSHIFT exp 
	exp:  exp.'(' exp_list ')' opt_block 
	exp:  exp.'[' exp ']' 

	LEQ  shift 70
	GEQ  shift 71
	EQEQ  shift 66
	ADDEQ  shift 64
	SUBEQ  shift 65
	NEQ  shift 67
	LSHIFT  shift 72
	RSHIFT  shift 73
	ANDAND  shift 62
	OROR  shift 63
	'='  shift 53
	'|'  shift 60
	'^'  shift 61
	'&'  shift 59
	'<'  shift 68
	'>'  shift 69
	'+'  shift 54
	'-'  shift 55
	'*'  shift 56
	'/'  shift 57
	'%'  shift 58
	'.'  shift 52
	'('  shift 74
	'['  shift 75
	','  shift 212
	.  error


state 192
	statement:  kSWITCH '(' exp ')' '{'.switch_block opt_default_block '}' 

	kCASE  shift 215
	.  error

	switch_block  goto 213
	case_block  goto 214

state 193
	exp:  exp '(' exp_list ')' opt_block.    (81)

	.  reduce 81 (src line 148)


state 194
	opt_block:  block.    (46)

	.  reduce 46 (src line 108)


state 195
	statement:  kUSE opt_from IDENT opt_as ';'.    (20)

	.  reduce 20 (src line 71)


state 196
	opt_as:  kAS IDENT.    (34)

	.  reduce 34 (src line 89)


state 197
	statement:  kINCLUDE opt_ident '(' STRING ')'.opt_options ';' 
	opt_options: .    (92)

	kOPTIONS  shift 36
	.  reduce 92 (src line 163)

	opt_options  goto 216
	options  goto 207

state 198
	type_modifier:  '[' exp ']'.    (109)

	.  reduce 109 (src line 190)


state 199
	type_modifier:  '(' arg_decl_list ')'.    (112)

	.  reduce 112 (src line 193)


state 200
	arg_decl_list:  arg_decl_list ','.arg_decl 

	IDENT  shift 178
	.  error

	type_decl  goto 177
	arg_decl  goto 217

state 201
	arg_decl:  IDENT ':'.type_decl 

	IDENT  shift 87
	.  error

	type_decl  goto 218

state 202
	option_list_sub:  option_list_sub ',' option.    (96)

	.  reduce 96 (src line 168)


state 203
	exp:  exp.'.' exp 
	exp:  exp.'=' exp 
	exp:  exp.'+' exp 
	exp:  exp.'-' exp 
	exp:  exp.'*' exp 
	exp:  exp.'/' exp 
	exp:  exp.'%' exp 
	exp:  exp.'&' exp 
	exp:  exp.'|' exp 
	exp:  exp.'^' exp 
	exp:  exp.ANDAND exp 
	exp:  exp.OROR exp 
	exp:  exp.ADDEQ exp 
	exp:  exp.SUBEQ exp 
	exp:  exp.EQEQ exp 
	exp:  exp.NEQ exp 
	exp:  exp.'<' exp 
	exp:  exp.'>' exp 
	exp:  exp.LEQ exp 
	exp:  exp.GEQ exp 
	exp:  exp.LSHIFT exp 
	exp:  exp.RSHIFT exp 
	exp:  exp.'(' exp_list ')' opt_block 
	exp:  exp.'[' exp ']' 
	option:  IDENT ':' exp.    (98)

	LEQ  shift 70
	GEQ  shift 71
	EQEQ  shift 66
	ADDEQ  shift 64
	SUBEQ  shift 65
	NEQ  shift 67
	LSHIFT  shift 72
	RSHIFT  shift 73
	ANDAND  shift 62
	OROR  shift 63
	'='  shift 53
	'|'  shift 60
	'^'  shift 61
	'&'  shift 59
	'<'  shift 68
	'>'  shift 69
	'+'  shift 54
	'-'  shift 55
	'*'  shift 56
	'/'  shift 57
	'%'  shift 58
	'.'  shift 52
	'('  shift 74
	'['  shift 75
	.  reduce 98 (src line 170)


state 204
	var_decl:  IDENT ':' type_decl opt_var_init.opt_options 
	opt_options: .    (92)

	kOPTIONS  shift 36
	.  reduce 92 (src line 163)

	opt_options  goto 219
	options  goto 207

state 205
	opt_var_init:  '='.exp 

	NUMBER  shift 33
	IDENT  shift 34
	STRING  shift 35
	kINCBIN  shift 31
	ARROW  shift 32
	'&'  shift 29
	'<'  shift 24
	'+'  shift 27
	'-'  shift 26
	'*'  shift 28
	'('  shift 23
	'['  shift 30
	'!'  shift 25
	.  error

	exp  goto 220

state 206
	var_decl:  IDENT '=' exp opt_options.    (104)

	.  reduce 104 (src line 180)


state 207
	opt_options:  options.    (93)

	.  reduce 93 (src line 164)


state 208
	statement:  opt_scope kFUNCTION IDENT '(' opt_var_decl_list ')'.':' type_decl opt_options function_block 

	':'  shift 221
	.  error


state 209
	statement:  kIF '(' exp ')' statement else_block.    (9)

	.  reduce 9 (src line 59)


state 210
	else_block:  kELSE.statement 
	opt_scope: .    (26)

	NUMBER  shift 33
	IDENT  shift 34
	STRING  shift 35
	kINCLUDE  shift 18
	kOPTIONS  shift 36
	kIF  shift 7
	kLOOP  shift 8
	kWHILE  shift 9
	kFOR  shift 10
	kRETURN  shift 13
	kBREAK  shift 11
	kCONTINUE  shift 12
	kINCBIN  shift 31
	kSWITCH  shift 14
	kUSE  shift 17
	kPUBLIC  shift 19
	kPRIVATE  shift 20
	ARROW  shift 32
	'&'  shift 29
	'<'  shift 24
	'+'  shift 27
	'-'  shift 26
	'*'  shift 28
	'('  shift 23
	'['  shift 30
	';'  shift 22
	'{'  shift 37
	'!'  shift 25
	.  reduce 26 (src line 78)

	statement  goto 222
	opt_scope  goto 6
	block  goto 21
	exp  goto 15
	options  goto 16

state 211
	else_block:  kELSIF.'(' exp ')' statement else_block 

	'('  shift 223
	.  error


state 212
	statement:  kFOR '(' IDENT ',' exp ','.exp ')' block 

	NUMBER  shift 33
	IDENT  shift 34
	STRING  shift 35
	kINCBIN  shift 31
	ARROW  shift 32
	'&'  shift 29
	'<'  shift 24
	'+'  shift 27
	'-'  shift 26
	'*'  shift 28
	'('  shift 23
	'['  shift 30
	'!'  shift 25
	.  error

	exp  goto 224

state 213
	statement:  kSWITCH '(' exp ')' '{' switch_block.opt_default_block '}' 
	switch_block:  switch_block.case_block 
	opt_default_block: .    (37)

	kCASE  shift 215
	kDEFAULT  shift 227
	.  reduce 37 (src line 94)

	opt_default_block  goto 225
	case_block  goto 226

state 214
	switch_block:  case_block.    (40)

	.  reduce 40 (src line 98)


state 215
	case_block:  kCASE.exp_list ':' statement_list 
	exp_list: .    (91)

	NUMBER  shift 33
	IDENT  shift 34
	STRING  shift 35
	kINCBIN  shift 31
	ARROW  shift 32
	'&'  shift 29
	'<'  shift 24
	'+'  shift 27
	'-'  shift 26
	'*'  shift 28
	'('  shift 23
	'['  shift 30
	'!'  shift 25
	.  reduce 91 (src line 159)

	exp  goto 94
	exp_list  goto 228

state 216
	statement:  kINCLUDE opt_ident '(' STRING ')' opt_options.';' 

	';'  shift 229
	.  error


state 217
	arg_decl_list:  arg_decl_list ',' arg_decl.    (113)

	.  reduce 113 (src line 195)


state 218
	type_decl:  type_decl.type_modifier 
	arg_decl:  IDENT ':' type_decl.    (117)

	'*'  shift 143
	'('  shift 144
	'['  shift 142
	.  reduce 117 (src line 200)

	type_modifier  goto 141

state 219
	var_decl:  IDENT ':' type_decl opt_var_init opt_options.    (103)

	.  reduce 103 (src line 179)


state 220
	exp:  exp.'.' exp 
	exp:  exp.'=' exp 
	exp:  exp.'+' exp 
	exp:  exp.'-' exp 
	exp:  exp.'*' exp 
	exp:  exp.'/' exp 
	exp:  exp.'%' exp 
	exp:  exp.'&' exp 
	exp:  exp.'|' exp 
	exp:  exp.'^' exp 
	exp:  exp.ANDAND exp 
	exp:  exp.OROR exp 
	exp:  exp.ADDEQ exp 
	exp:  exp.SUBEQ exp 
	exp:  exp.EQEQ exp 
	exp:  exp.NEQ exp 
	exp:  exp.'<' exp 
	exp:  exp.'>' exp 
	exp:  exp.LEQ exp 
	exp:  exp.GEQ exp 
	exp:  exp.LSHIFT exp 
	exp:  exp.RSHIFT exp 
	exp:  exp.'(' exp_list ')' opt_block 
	exp:  exp.'[' exp ']' 
	opt_var_init:  '=' exp.    (106)

	LEQ  shift 70
	GEQ  shift 71
	EQEQ  shift 66
	ADDEQ  shift 64
	SUBEQ  shift 65
	NEQ  shift 67
	LSHIFT  shift 72
	RSHIFT  shift 73
	ANDAND  shift 62
	OROR  shift 63
	'='  shift 53
	'|'  shift 60
	'^'  shift 61
	'&'  shift 59
	'<'  shift 68
	'>'  shift 69
	'+'  shift 54
	'-'  shift 55
	'*'  shift 56
	'/'  shift 57
	'%'  shift 58
	'.'  shift 52
	'('  shift 74
	'['  shift 75
	.  reduce 106 (src line 183)


state 221
	statement:  opt_scope kFUNCTION IDENT '(' opt_var_decl_list ')' ':'.type_decl opt_options function_block 

	IDENT  shift 87
	.  error

	type_decl  goto 230

state 222
	else_block:  kELSE statement.    (48)

	.  reduce 48 (src line 111)


state 223
	else_block:  kELSIF '('.exp ')' statement else_block 

	NUMBER  shift 33
	IDENT  shift 34
	STRING  shift 35
	kINCBIN  shift 31
	ARROW  shift 32
	'&'  shift 29
	'<'  shift 24
	'+'  shift 27
	'-'  shift 26
	'*'  shift 28
	'('  shift 23
	'['  shift 30
	'!'  shift 25
	.  error

	exp  goto 231

state 224
	statement:  kFOR '(' IDENT ',' exp ',' exp.')' block 
	exp:  exp.'.' exp 
	exp:  exp.'=' exp 
	exp:  exp.'+' exp 
	exp:  exp.'-' exp 
	exp:  exp.'*' exp 
	exp:  exp.'/' exp 
	exp:  exp.'%' exp 
	exp:  exp.'&' exp 
	exp:  exp.'|' exp 
	exp:  exp.'^' exp 
	exp:  exp.ANDAND exp 
	exp:  exp.OROR exp 
	exp:  exp.ADDEQ exp 
	exp:  exp.SUBEQ exp 
	exp:  exp.EQEQ exp 
	exp:  exp.NEQ exp 
	exp:  exp.'<' exp 
	exp:  exp.'>' exp 
	exp:  exp.LEQ exp 
	exp:  exp.GEQ exp 
	exp:  exp.LSHIFT exp 
	exp:  exp.RSHIFT exp 
	exp:  exp.'(' exp_list ')' opt_block 
	exp:  exp.'[' exp ']' 

	LEQ  shift 70
	GEQ  shift 71
	EQEQ  shift 66
	ADDEQ  shift 64
	SUBEQ  shift 65
	NEQ  shift 67
	LSHIFT  shift 72
	RSHIFT  shift 73
	ANDAND  shift 62
	OROR  shift 63
	'='  shift 53
	'|'  shift 60
	'^'  shift 61
	'&'  shift 59
	'<'  shift 68
	'>'  shift 69
	'+'  shift 54
	'-'  shift 55
	'*'  shift 56
	'/'  shift 57
	'%'  shift 58
	'.'  shift 52
	'('  shift 74
	'['  shift 75
	')'  shift 232
	.  error


state 225
	statement:  kSWITCH '(' exp ')' '{' switch_block opt_default_block.'}' 

	'}'  shift 233
	.  error


state 226
	switch_block:  switch_block case_block.    (39)

	.  reduce 39 (src line 97)


state 227
	opt_default_block:  kDEFAULT.':' statement_list 

	':'  shift 234
	.  error


state 228
	case_block:  kCASE exp_list.':' statement_list 
	exp_list:  exp_list.',' exp 

	','  shift 146
	':'  shift 235
	.  error


state 229
	statement:  kINCLUDE opt_ident '(' STRING ')' opt_options ';'.    (21)

	.  reduce 21 (src line 72)


state 230
	statement:  opt_scope kFUNCTION IDENT '(' opt_var_decl_list ')' ':' type_decl.opt_options function_block 
	type_decl:  type_decl.type_modifier 
	opt_options: .    (92)

	kOPTIONS  shift 36
	'*'  shift 143
	'('  shift 144
	'['  shift 142
	.  reduce 92 (src line 163)

	opt_options  goto 236
	options  goto 207
	type_modifier  goto 141

state 231
	else_block:  kELSIF '(' exp.')' statement else_block 
	exp:  exp.'.' exp 
	exp:  exp.'=' exp 
	exp:  exp.'+' exp 
	exp:  exp.'-' exp 
	exp:  exp.'*' exp 
	exp:  exp.'/' exp 
	exp:  exp.'%' exp 
	exp:  exp.'&' exp 
	exp:  exp.'|' exp 
	exp:  exp.'^' exp 
	exp:  exp.ANDAND exp 
	exp:  exp.OROR exp 
	exp:  exp.ADDEQ exp 
	exp:  exp.SUBEQ exp 
	exp:  exp.EQEQ exp 
	exp:  exp.NEQ exp 
	exp:  exp.'<' exp 
	exp:  exp.'>' exp 
	exp:  exp.LEQ exp 
	exp:  exp.GEQ exp 
	exp:  exp.LSHIFT exp 
	exp:  exp.RSHIFT exp 
	exp:  exp.'(' exp_list ')' opt_block 
	exp:  exp.'[' exp ']' 

	LEQ  shift 70
	GEQ  shift 71
	EQEQ  shift 66
	ADDEQ  shift 64
	SUBEQ  shift 65
	NEQ  shift 67
	LSHIFT  shift 72
	RSHIFT  shift 73
	ANDAND  shift 62
	OROR  shift 63
	'='  shift 53
	'|'  shift 60
	'^'  shift 61
	'&'  shift 59
	'<'  shift 68
	'>'  shift 69
	'+'  shift 54
	'-'  shift 55
	'*'  shift 56
	'/'  shift 57
	'%'  shift 58
	'.'  shift 52
	'('  shift 74
	'['  shift 75
	')'  shift 237
	.  error


state 232
	statement:  kFOR '(' IDENT ',' exp ',' exp ')'.block 

	'{'  shift 37
	.  error

	block  goto 238

state 233
	statement:  kSWITCH '(' exp ')' '{' switch_block opt_default_block '}'.    (16)

	.  reduce 16 (src line 66)


state 234
	opt_default_block:  kDEFAULT ':'.statement_list 
	opt_scope: .    (26)

	NUMBER  shift 33
	IDENT  shift 34
	STRING  shift 35
	kINCLUDE  shift 18
	kOPTIONS  shift 36
	kIF  shift 7
	kLOOP  shift 8
	kWHILE  shift 9
	kFOR  shift 10
	kRETURN  shift 13
	kBREAK  shift 11
	kCONTINUE  shift 12
	kINCBIN  shift 31
	kSWITCH  shift 14
	kUSE  shift 17
	kPUBLIC  shift 19
	kPRIVATE  shift 20
	ARROW  shift 32
	'&'  shift 29
	'<'  shift 24
	'+'  shift 27
	'-'  shift 26
	'*'  shift 28
	'('  shift 23
	'['  shift 30
	';'  shift 22
	'{'  shift 37
	'!'  shift 25
	.  reduce 26 (src line 78)

	statement_list  goto 239
	statement_i  goto 4
	statement  goto 5
	opt_scope  goto 6
	block  goto 21
	exp  goto 15
	options  goto 16

state 235
	case_block:  kCASE exp_list ':'.statement_list 
	opt_scope: .    (26)

	NUMBER  shift 33
	IDENT  shift 34
	STRING  shift 35
	kINCLUDE  shift 18
	kOPTIONS  shift 36
	kIF  shift 7
	kLOOP  shift 8
	kWHILE  shift 9
	kFOR  shift 10
	kRETURN  shift 13
	kBREAK  shift 11
	kCONTINUE  shift 12
	kINCBIN  shift 31
	kSWITCH  shift 14
	kUSE  shift 17
	kPUBLIC  shift 19
	kPRIVATE  shift 20
	ARROW  shift 32
	'&'  shift 29
	'<'  shift 24
	'+'  shift 27
	'-'  shift 26
	'*'  shift 28
	'('  shift 23
	'['  shift 30
	';'  shift 22
	'{'  shift 37
	'!'  shift 25
	.  reduce 26 (src line 78)

	statement_list  goto 240
	statement_i  goto 4
	statement  goto 5
	opt_scope  goto 6
	block  goto 21
	exp  goto 15
	options  goto 16

state 236
	statement:  opt_scope kFUNCTION IDENT '(' opt_var_decl_list ')' ':' type_decl opt_options.function_block 

	';'  shift 150
	'{'  shift 37
	.  error

	function_block  goto 241
	block  goto 149

state 237
	else_block:  kELSIF '(' exp ')'.statement else_block 
	opt_scope: .    (26)

	NUMBER  shift 33
	IDENT  shift 34
	STRING  shift 35
	kINCLUDE  shift 18
	kOPTIONS  shift 36
	kIF  shift 7
	kLOOP  shift 8
	kWHILE  shift 9
	kFOR  shift 10
	kRETURN  shift 13
	kBREAK  shift 11
	kCONTINUE  shift 12
	kINCBIN  shift 31
	kSWITCH  shift 14
	kUSE  shift 17
	kPUBLIC  shift 19
	kPRIVATE  shift 20
	ARROW  shift 32
	'&'  shift 29
	'<'  shift 24
	'+'  shift 27
	'-'  shift 26
	'*'  shift 28
	'('  shift 23
	'['  shift 30
	';'  shift 22
	'{'  shift 37
	'!'  shift 25
	.  reduce 26 (src line 78)

	statement  goto 242
	opt_scope  goto 6
	block  goto 21
	exp  goto 15
	options  goto 16

state 238
	statement:  kFOR '(' IDENT ',' exp ',' exp ')' block.    (12)

	.  reduce 12 (src line 62)


state 239
	statement_list:  statement_list.statement_i 
	opt_default_block:  kDEFAULT ':' statement_list.    (38)
	opt_scope: .    (26)

	NUMBER  shift 33
	IDENT  shift 34
	STRING  shift 35
	kINCLUDE  shift 18
	kOPTIONS  shift 36
	kIF  shift 7
	kLOOP  shift 8
	kWHILE  shift 9
	kFOR  shift 10
	kRETURN  shift 13
	kBREAK  shift 11
	kCONTINUE  shift 12
	kINCBIN  shift 31
	kSWITCH  shift 14
	kUSE  shift 17
	kPUBLIC  shift 19
	kPRIVATE  shift 20
	ARROW  shift 32
	'&'  shift 29
	'<'  shift 24
	'+'  shift 27
	'-'  shift 26
	'*'  shift 28
	'('  shift 23
	'['  shift 30
	';'  shift 22
	'{'  shift 37
	'}'  reduce 38 (src line 95)
	'!'  shift 25
	.  reduce 26 (src line 78)

	statement_i  goto 38
	statement  goto 5
	opt_scope  goto 6
	block  goto 21
	exp  goto 15
	options  goto 16

state 240
	statement_list:  statement_list.statement_i 
	case_block:  kCASE exp_list ':' statement_list.    (41)
	opt_scope: .    (26)

	NUMBER  shift 33
	IDENT  shift 34
	STRING  shift 35
	kINCLUDE  shift 18
	kOPTIONS  shift 36
	kIF  shift 7
	kLOOP  shift 8
	kWHILE  shift 9
	kFOR  shift 10
	kRETURN  shift 13
	kBREAK  shift 11
	kCONTINUE  shift 12
	kINCBIN  shift 31
	kSWITCH  shift 14
	kCASE  reduce 41 (src line 100)
	kDEFAULT  reduce 41 (src line 100)
	kUSE  shift 17
	kPUBLIC  shift 19
	kPRIVATE  shift 20
	ARROW  shift 32
	'&'  shift 29
	'<'  shift 24
	'+'  shift 27
	'-'  shift 26
	'*'  shift 28
	'('  shift 23
	'['  shift 30
	';'  shift 22
	'{'  shift 37
	'}'  reduce 41 (src line 100)
	'!'  shift 25
	.  reduce 26 (src line 78)

	statement_i  goto 38
	statement  goto 5
	opt_scope  goto 6
	block  goto 21
	exp  goto 15
	options  goto 16

state 241
	statement:  opt_scope kFUNCTION IDENT '(' opt_var_decl_list ')' ':' type_decl opt_options function_block.    (18)

	.  reduce 18 (src line 68)


state 242
	else_block:  kELSIF '(' exp ')' statement.else_block 
	else_block: .    (47)

	kELSE  shift 210
	kELSIF  shift 211
	.  reduce 47 (src line 110)

	else_block  goto 243

state 243
	else_block:  kELSIF '(' exp ')' statement else_block.    (49)

	.  reduce 49 (src line 112)


65 terminals, 34 nonterminals
118 grammar rules, 244/16000 states
0 shift/reduce, 0 reduce/reduce conflicts reported
83 working sets used
memory: parser 178/240000
268 extra closures
1721 shift entries, 9 exceptions
116 goto entries
62 entries saved by goto default
Optimizer space used: output 830/240000
830 table entries, 133 zero
maximum spread: 65, maximum offset: 242
